This is pdfTeX, Version 3.141592653-2.6-1.40.26 (TeX Live 2024) (preloaded format=pdflatex 2024.7.1)  30 AUG 2024 21:20
entering extended mode
 restricted \write18 enabled.
 %&-line parsing enabled.
**_main.tex
(./_main.tex
LaTeX2e <2024-06-01> patch level 2
L3 programming layer <2024-05-27>
(/Users/sujungchoi/Library/TinyTeX/texmf-dist/tex/latex/base/book.cls
Document Class: book 2024/02/08 v1.4n Standard LaTeX document class
(/Users/sujungchoi/Library/TinyTeX/texmf-dist/tex/latex/base/bk10.clo
File: bk10.clo 2024/02/08 v1.4n Standard LaTeX file (size option)
)
\c@part=\count194
\c@chapter=\count195
\c@section=\count196
\c@subsection=\count197
\c@subsubsection=\count198
\c@paragraph=\count199
\c@subparagraph=\count266
\c@figure=\count267
\c@table=\count268
\abovecaptionskip=\skip49
\belowcaptionskip=\skip50
\bibindent=\dimen141
) (/Users/sujungchoi/Library/TinyTeX/texmf-dist/tex/latex/amsmath/amsmath.sty
Package: amsmath 2024/05/23 v2.17q AMS math features
\@mathmargin=\skip51
For additional information on amsmath, use the `?' option.
(/Users/sujungchoi/Library/TinyTeX/texmf-dist/tex/latex/amsmath/amstext.sty
Package: amstext 2021/08/26 v2.01 AMS text
(/Users/sujungchoi/Library/TinyTeX/texmf-dist/tex/latex/amsmath/amsgen.sty
File: amsgen.sty 1999/11/30 v2.0 generic functions
\@emptytoks=\toks17
\ex@=\dimen142
)) (/Users/sujungchoi/Library/TinyTeX/texmf-dist/tex/latex/amsmath/amsbsy.sty
Package: amsbsy 1999/11/29 v1.2d Bold Symbols
\pmbraise@=\dimen143
) (/Users/sujungchoi/Library/TinyTeX/texmf-dist/tex/latex/amsmath/amsopn.sty
Package: amsopn 2022/04/08 v2.04 operator names
)
\inf@bad=\count269
LaTeX Info: Redefining \frac on input line 233.
\uproot@=\count270
\leftroot@=\count271
LaTeX Info: Redefining \overline on input line 398.
LaTeX Info: Redefining \colon on input line 409.
\classnum@=\count272
\DOTSCASE@=\count273
LaTeX Info: Redefining \ldots on input line 495.
LaTeX Info: Redefining \dots on input line 498.
LaTeX Info: Redefining \cdots on input line 619.
\Mathstrutbox@=\box52
\strutbox@=\box53
LaTeX Info: Redefining \big on input line 721.
LaTeX Info: Redefining \Big on input line 722.
LaTeX Info: Redefining \bigg on input line 723.
LaTeX Info: Redefining \Bigg on input line 724.
\big@size=\dimen144
LaTeX Font Info:    Redeclaring font encoding OML on input line 742.
LaTeX Font Info:    Redeclaring font encoding OMS on input line 743.
\macc@depth=\count274
LaTeX Info: Redefining \bmod on input line 904.
LaTeX Info: Redefining \pmod on input line 909.
LaTeX Info: Redefining \smash on input line 939.
LaTeX Info: Redefining \relbar on input line 969.
LaTeX Info: Redefining \Relbar on input line 970.
\c@MaxMatrixCols=\count275
\dotsspace@=\muskip17
\c@parentequation=\count276
\dspbrk@lvl=\count277
\tag@help=\toks18
\row@=\count278
\column@=\count279
\maxfields@=\count280
\andhelp@=\toks19
\eqnshift@=\dimen145
\alignsep@=\dimen146
\tagshift@=\dimen147
\tagwidth@=\dimen148
\totwidth@=\dimen149
\lineht@=\dimen150
\@envbody=\toks20
\multlinegap=\skip52
\multlinetaggap=\skip53
\mathdisplay@stack=\toks21
LaTeX Info: Redefining \[ on input line 2953.
LaTeX Info: Redefining \] on input line 2954.
) (/Users/sujungchoi/Library/TinyTeX/texmf-dist/tex/latex/amsfonts/amssymb.sty
Package: amssymb 2013/01/14 v3.01 AMS font symbols
(/Users/sujungchoi/Library/TinyTeX/texmf-dist/tex/latex/amsfonts/amsfonts.sty
Package: amsfonts 2013/01/14 v3.01 Basic AMSFonts support
\symAMSa=\mathgroup4
\symAMSb=\mathgroup5
LaTeX Font Info:    Redeclaring math symbol \hbar on input line 98.
LaTeX Font Info:    Overwriting math alphabet `\mathfrak' in version `bold'
(Font)                  U/euf/m/n --> U/euf/b/n on input line 106.
)) (/Users/sujungchoi/Library/TinyTeX/texmf-dist/tex/generic/iftex/iftex.sty
Package: iftex 2022/02/03 v1.0f TeX engine tests
) (/Users/sujungchoi/Library/TinyTeX/texmf-dist/tex/latex/base/fontenc.sty
Package: fontenc 2021/04/29 v2.0v Standard LaTeX package
) (/Users/sujungchoi/Library/TinyTeX/texmf-dist/tex/latex/base/inputenc.sty
Package: inputenc 2024/02/08 v1.3d Input encoding file
\inpenc@prehook=\toks22
\inpenc@posthook=\toks23
) (/Users/sujungchoi/Library/TinyTeX/texmf-dist/tex/latex/base/textcomp.sty
Package: textcomp 2024/04/24 v2.1b Standard LaTeX package
) (/Users/sujungchoi/Library/TinyTeX/texmf-dist/tex/latex/lm/lmodern.sty
Package: lmodern 2015/05/01 v1.6.1 Latin Modern Fonts
LaTeX Font Info:    Overwriting symbol font `operators' in version `normal'
(Font)                  OT1/cmr/m/n --> OT1/lmr/m/n on input line 22.
LaTeX Font Info:    Overwriting symbol font `letters' in version `normal'
(Font)                  OML/cmm/m/it --> OML/lmm/m/it on input line 23.
LaTeX Font Info:    Overwriting symbol font `symbols' in version `normal'
(Font)                  OMS/cmsy/m/n --> OMS/lmsy/m/n on input line 24.
LaTeX Font Info:    Overwriting symbol font `largesymbols' in version `normal'
(Font)                  OMX/cmex/m/n --> OMX/lmex/m/n on input line 25.
LaTeX Font Info:    Overwriting symbol font `operators' in version `bold'
(Font)                  OT1/cmr/bx/n --> OT1/lmr/bx/n on input line 26.
LaTeX Font Info:    Overwriting symbol font `letters' in version `bold'
(Font)                  OML/cmm/b/it --> OML/lmm/b/it on input line 27.
LaTeX Font Info:    Overwriting symbol font `symbols' in version `bold'
(Font)                  OMS/cmsy/b/n --> OMS/lmsy/b/n on input line 28.
LaTeX Font Info:    Overwriting symbol font `largesymbols' in version `bold'
(Font)                  OMX/cmex/m/n --> OMX/lmex/m/n on input line 29.
LaTeX Font Info:    Overwriting math alphabet `\mathbf' in version `normal'
(Font)                  OT1/cmr/bx/n --> OT1/lmr/bx/n on input line 31.
LaTeX Font Info:    Overwriting math alphabet `\mathsf' in version `normal'
(Font)                  OT1/cmss/m/n --> OT1/lmss/m/n on input line 32.
LaTeX Font Info:    Overwriting math alphabet `\mathit' in version `normal'
(Font)                  OT1/cmr/m/it --> OT1/lmr/m/it on input line 33.
LaTeX Font Info:    Overwriting math alphabet `\mathtt' in version `normal'
(Font)                  OT1/cmtt/m/n --> OT1/lmtt/m/n on input line 34.
LaTeX Font Info:    Overwriting math alphabet `\mathbf' in version `bold'
(Font)                  OT1/cmr/bx/n --> OT1/lmr/bx/n on input line 35.
LaTeX Font Info:    Overwriting math alphabet `\mathsf' in version `bold'
(Font)                  OT1/cmss/bx/n --> OT1/lmss/bx/n on input line 36.
LaTeX Font Info:    Overwriting math alphabet `\mathit' in version `bold'
(Font)                  OT1/cmr/bx/it --> OT1/lmr/bx/it on input line 37.
LaTeX Font Info:    Overwriting math alphabet `\mathtt' in version `bold'
(Font)                  OT1/cmtt/m/n --> OT1/lmtt/m/n on input line 38.
) (/Users/sujungchoi/Library/TinyTeX/texmf-dist/tex/latex/upquote/upquote.sty
Package: upquote 2012/04/19 v1.3 upright-quote and grave-accent glyphs in verbatim
) (/Users/sujungchoi/Library/TinyTeX/texmf-dist/tex/latex/xcolor/xcolor.sty
Package: xcolor 2023/11/15 v3.01 LaTeX color extensions (UK)
(/Users/sujungchoi/Library/TinyTeX/texmf-dist/tex/latex/graphics-cfg/color.cfg
File: color.cfg 2016/01/02 v1.6 sample color configuration
)
Package xcolor Info: Driver file: pdftex.def on input line 274.
(/Users/sujungchoi/Library/TinyTeX/texmf-dist/tex/latex/graphics-def/pdftex.def
File: pdftex.def 2024/04/13 v1.2c Graphics/color driver for pdftex
) (/Users/sujungchoi/Library/TinyTeX/texmf-dist/tex/latex/graphics/mathcolor.ltx)
Package xcolor Info: Model `cmy' substituted by `cmy0' on input line 1350.
Package xcolor Info: Model `hsb' substituted by `rgb' on input line 1354.
Package xcolor Info: Model `RGB' extended on input line 1366.
Package xcolor Info: Model `HTML' substituted by `rgb' on input line 1368.
Package xcolor Info: Model `Hsb' substituted by `hsb' on input line 1369.
Package xcolor Info: Model `tHsb' substituted by `hsb' on input line 1370.
Package xcolor Info: Model `HSB' substituted by `hsb' on input line 1371.
Package xcolor Info: Model `Gray' substituted by `gray' on input line 1372.
Package xcolor Info: Model `wave' substituted by `hsb' on input line 1373.
) (/Users/sujungchoi/Library/TinyTeX/texmf-dist/tex/latex/fancyvrb/fancyvrb.sty
Package: fancyvrb 2024/01/20 4.5c verbatim text (tvz,hv)
(/Users/sujungchoi/Library/TinyTeX/texmf-dist/tex/latex/graphics/keyval.sty
Package: keyval 2022/05/29 v1.15 key=value parser (DPC)
\KV@toks@=\toks24
)
\FV@CodeLineNo=\count281
\FV@InFile=\read2
\FV@TabBox=\box54
\c@FancyVerbLine=\count282
\FV@StepNumber=\count283
\FV@OutFile=\write3
) (/Users/sujungchoi/Library/TinyTeX/texmf-dist/tex/latex/framed/framed.sty
Package: framed 2011/10/22 v 0.96: framed or shaded text with page breaks
\OuterFrameSep=\skip54
\fb@frw=\dimen151
\fb@frh=\dimen152
\FrameRule=\dimen153
\FrameSep=\dimen154
) (/Users/sujungchoi/Library/TinyTeX/texmf-dist/tex/latex/tools/longtable.sty
Package: longtable 2024-04-26 v4.20 Multi-page Table package (DPC)
\LTleft=\skip55
\LTright=\skip56
\LTpre=\skip57
\LTpost=\skip58
\LTchunksize=\count284
\LTcapwidth=\dimen155
\LT@head=\box55
\LT@firsthead=\box56
\LT@foot=\box57
\LT@lastfoot=\box58
\LT@gbox=\box59
\LT@cols=\count285
\LT@rows=\count286
\c@LT@tables=\count287
\c@LT@chunks=\count288
\LT@p@ftn=\toks25
) (/Users/sujungchoi/Library/TinyTeX/texmf-dist/tex/latex/booktabs/booktabs.sty
Package: booktabs 2020/01/12 v1.61803398 Publication quality tables
\heavyrulewidth=\dimen156
\lightrulewidth=\dimen157
\cmidrulewidth=\dimen158
\belowrulesep=\dimen159
\belowbottomsep=\dimen160
\aboverulesep=\dimen161
\abovetopsep=\dimen162
\cmidrulesep=\dimen163
\cmidrulekern=\dimen164
\defaultaddspace=\dimen165
\@cmidla=\count289
\@cmidlb=\count290
\@aboverulesep=\dimen166
\@belowrulesep=\dimen167
\@thisruleclass=\count291
\@lastruleclass=\count292
\@thisrulewidth=\dimen168
) (/Users/sujungchoi/Library/TinyTeX/texmf-dist/tex/latex/tools/array.sty
Package: array 2024/06/14 v2.6d Tabular extension package (FMi)
\col@sep=\dimen169
\ar@mcellbox=\box60
\extrarowheight=\dimen170
\NC@list=\toks26
\extratabsurround=\skip59
\backup@length=\skip60
\ar@cellbox=\box61
) (/Users/sujungchoi/Library/TinyTeX/texmf-dist/tex/latex/tools/calc.sty
Package: calc 2023/07/08 v4.3 Infix arithmetic (KKT,FJ)
\calc@Acount=\count293
\calc@Bcount=\count294
\calc@Adimen=\dimen171
\calc@Bdimen=\dimen172
\calc@Askip=\skip61
\calc@Bskip=\skip62
LaTeX Info: Redefining \setlength on input line 80.
LaTeX Info: Redefining \addtolength on input line 81.
\calc@Ccount=\count295
\calc@Cskip=\skip63
) (/Users/sujungchoi/Library/TinyTeX/texmf-dist/tex/latex/etoolbox/etoolbox.sty
Package: etoolbox 2020/10/05 v2.5k e-TeX tools for LaTeX (JAW)
\etb@tempcnta=\count296
) (/Users/sujungchoi/Library/TinyTeX/texmf-dist/tex/latex/mdwtools/footnote.sty
Package: footnote 1997/01/28 1.13 Save footnotes around boxes
\fn@notes=\box62
\fn@width=\dimen173
) (/Users/sujungchoi/Library/TinyTeX/texmf-dist/tex/latex/graphics/graphicx.sty
Package: graphicx 2021/09/16 v1.2d Enhanced LaTeX Graphics (DPC,SPQR)
(/Users/sujungchoi/Library/TinyTeX/texmf-dist/tex/latex/graphics/graphics.sty
Package: graphics 2024/05/23 v1.4g Standard LaTeX Graphics (DPC,SPQR)
(/Users/sujungchoi/Library/TinyTeX/texmf-dist/tex/latex/graphics/trig.sty
Package: trig 2023/12/02 v1.11 sin cos tan (DPC)
) (/Users/sujungchoi/Library/TinyTeX/texmf-dist/tex/latex/graphics-cfg/graphics.cfg
File: graphics.cfg 2016/06/04 v1.11 sample graphics configuration
)
Package graphics Info: Driver file: pdftex.def on input line 106.
)
\Gin@req@height=\dimen174
\Gin@req@width=\dimen175
) (/Users/sujungchoi/Library/TinyTeX/texmf-dist/tex/latex/amscls/amsthm.sty
Package: amsthm 2020/05/29 v2.20.6
\thm@style=\toks27
\thm@bodyfont=\toks28
\thm@headfont=\toks29
\thm@notefont=\toks30
\thm@headpunct=\toks31
\thm@preskip=\skip64
\thm@postskip=\skip65
\thm@headsep=\skip66
\dth@everypar=\toks32
) (/Users/sujungchoi/Library/TinyTeX/texmf-dist/tex/latex/inconsolata/zi4.sty
Package: zi4 2019/05/17 v1.12
`inconsolata-zi4' v1.12, 2019/05/17 Text macros for Inconsolata (msharpe) (/Users/sujungchoi/Library/TinyTeX/texmf-dist/tex/latex/xkeyval/xkeyval.sty
Package: xkeyval 2022/06/16 v2.9 package option processing (HA)
(/Users/sujungchoi/Library/TinyTeX/texmf-dist/tex/generic/xkeyval/xkeyval.tex (/Users/sujungchoi/Library/TinyTeX/texmf-dist/tex/generic/xkeyval/xkvutils.tex
\XKV@toks=\toks33
\XKV@tempa@toks=\toks34
)
\XKV@depth=\count297
File: xkeyval.tex 2014/12/03 v2.7a key=value parser (HA)
))
\zifour@ocount=\count298
) (/Users/sujungchoi/Library/TinyTeX/texmf-dist/tex/latex/cjk-ko/kotex.sty
Package: kotex 2015/04/19 v1.6 Korean TeX (ko.TeX)
(/Users/sujungchoi/Library/TinyTeX/texmf-dist/tex/latex/cjk-ko/cjkutf8-ko.sty
Package: cjkutf8-ko 2024/03/01 v2.5 Hangul typesetting on CJKutf8
(/Users/sujungchoi/Library/TinyTeX/texmf-dist/tex/latex/cjk/texinput/CJKutf8.sty
Package: CJKutf8 2021/10/16 4.8.5
(/Users/sujungchoi/Library/TinyTeX/texmf-dist/tex/generic/iftex/ifpdf.sty
Package: ifpdf 2019/10/25 v3.4 ifpdf legacy package. Use iftex instead.
) (/Users/sujungchoi/Library/TinyTeX/texmf-dist/tex/latex/cjk/texinput/CJK.sty
Package: CJK 2021/10/16 4.8.5
(/Users/sujungchoi/Library/TinyTeX/texmf-dist/tex/latex/cjk/texinput/mule/MULEenc.sty
Package: MULEenc 2021/10/16 4.8.5
) (/Users/sujungchoi/Library/TinyTeX/texmf-dist/tex/latex/cjk/texinput/CJK.enc
File: CJK.enc 2021/10/16 4.8.5
Now handling font encoding C00 ...
... no UTF-8 mapping file for font encoding C00
Now handling font encoding C05 ...
... no UTF-8 mapping file for font encoding C05
Now handling font encoding C09 ...
... no UTF-8 mapping file for font encoding C09
Now handling font encoding C10 ...
... no UTF-8 mapping file for font encoding C10
Now handling font encoding C20 ...
... no UTF-8 mapping file for font encoding C20
Now handling font encoding C19 ...
... no UTF-8 mapping file for font encoding C19
Now handling font encoding C40 ...
... no UTF-8 mapping file for font encoding C40
Now handling font encoding C42 ...
... no UTF-8 mapping file for font encoding C42
Now handling font encoding C43 ...
... no UTF-8 mapping file for font encoding C43
Now handling font encoding C50 ...
... no UTF-8 mapping file for font encoding C50
Now handling font encoding C52 ...
... no UTF-8 mapping file for font encoding C52
Now handling font encoding C49 ...
... no UTF-8 mapping file for font encoding C49
Now handling font encoding C60 ...
... no UTF-8 mapping file for font encoding C60
Now handling font encoding C61 ...
... no UTF-8 mapping file for font encoding C61
Now handling font encoding C63 ...
... no UTF-8 mapping file for font encoding C63
Now handling font encoding C64 ...
... no UTF-8 mapping file for font encoding C64
Now handling font encoding C65 ...
... no UTF-8 mapping file for font encoding C65
Now handling font encoding C70 ...
... no UTF-8 mapping file for font encoding C70
Now handling font encoding C31 ...
... no UTF-8 mapping file for font encoding C31
Now handling font encoding C32 ...
... no UTF-8 mapping file for font encoding C32
Now handling font encoding C33 ...
... no UTF-8 mapping file for font encoding C33
Now handling font encoding C34 ...
... no UTF-8 mapping file for font encoding C34
Now handling font encoding C35 ...
... no UTF-8 mapping file for font encoding C35
Now handling font encoding C36 ...
... no UTF-8 mapping file for font encoding C36
Now handling font encoding C37 ...
... no UTF-8 mapping file for font encoding C37
Now handling font encoding C80 ...
... no UTF-8 mapping file for font encoding C80
Now handling font encoding C81 ...
... no UTF-8 mapping file for font encoding C81
Now handling font encoding C01 ...
... no UTF-8 mapping file for font encoding C01
Now handling font encoding C11 ...
... no UTF-8 mapping file for font encoding C11
Now handling font encoding C21 ...
... no UTF-8 mapping file for font encoding C21
Now handling font encoding C41 ...
... no UTF-8 mapping file for font encoding C41
Now handling font encoding C62 ...
... no UTF-8 mapping file for font encoding C62
)
\CJK@indent=\box63
) (/Users/sujungchoi/Library/TinyTeX/texmf-dist/tex/latex/base/fontenc.sty
Package: fontenc 2021/04/29 v2.0v Standard LaTeX package
LaTeX Font Info:    Trying to load font information for T1+lmr on input line 116.
(/Users/sujungchoi/Library/TinyTeX/texmf-dist/tex/latex/lm/t1lmr.fd
File: t1lmr.fd 2015/05/01 v1.6.1 Font defs for Latin Modern
))) (/Users/sujungchoi/Library/TinyTeX/texmf-dist/tex/latex/cjk/texinput/UTF8/UTF8.bdg
File: UTF8.bdg 2021/10/16 4.8.5
) (/Users/sujungchoi/Library/TinyTeX/texmf-dist/tex/latex/cjk/texinput/UTF8/UTF8.enc
File: UTF8.enc 2021/10/16 4.8.5
) (/Users/sujungchoi/Library/TinyTeX/texmf-dist/tex/latex/cjk/texinput/UTF8/UTF8.chr
File: UTF8.chr 2021/10/16 4.8.5
)
LaTeX Info: Redefining \CJKpunctsymbol on input line 276.
(/Users/sujungchoi/Library/TinyTeX/texmf-dist/tex/latex/cjk-ko/cjkutf8-josa.sty
Package: cjkutf8-josa 2024/03/01 v2.5 Automatic Josa selection for cjk-ko
) (/Users/sujungchoi/Library/TinyTeX/texmf-dist/tex/latex/cjk-ko/kolabels-utf.sty
Package: kolabels-utf 2015/03/20 v1.5 UTF-8 Hangul item labels
) (/Users/sujungchoi/Library/TinyTeX/texmf-dist/tex/latex/cjk-ko/konames-utf.sty
Package: konames-utf 2015/07/06 v1.7 UTF-8 Hangul captions
)
   defining Unicode char U+FE00 (decimal 65024)
   defining Unicode char U+FE01 (decimal 65025)
   defining Unicode char U+FE02 (decimal 65026)
)) (/Users/sujungchoi/Library/TinyTeX/texmf-dist/tex/latex/natbib/natbib.sty
Package: natbib 2010/09/13 8.31b (PWD, AO)
\bibhang=\skip67
\bibsep=\skip68
LaTeX Info: Redefining \cite on input line 694.
\c@NAT@ctr=\count299
) (/Users/sujungchoi/Library/TinyTeX/texmf-dist/tex/latex/bookmark/bookmark.sty
Package: bookmark 2023-12-10 v1.31 PDF bookmarks (HO)
(/Users/sujungchoi/Library/TinyTeX/texmf-dist/tex/latex/hyperref/hyperref.sty
Package: hyperref 2024-07-10 v7.01j Hypertext links for LaTeX
(/Users/sujungchoi/Library/TinyTeX/texmf-dist/tex/latex/kvsetkeys/kvsetkeys.sty
Package: kvsetkeys 2022-10-05 v1.19 Key value parser (HO)
) (/Users/sujungchoi/Library/TinyTeX/texmf-dist/tex/generic/kvdefinekeys/kvdefinekeys.sty
Package: kvdefinekeys 2019-12-19 v1.6 Define keys (HO)
) (/Users/sujungchoi/Library/TinyTeX/texmf-dist/tex/generic/pdfescape/pdfescape.sty
Package: pdfescape 2019/12/09 v1.15 Implements pdfTeX's escape features (HO)
(/Users/sujungchoi/Library/TinyTeX/texmf-dist/tex/generic/ltxcmds/ltxcmds.sty
Package: ltxcmds 2023-12-04 v1.26 LaTeX kernel commands for general use (HO)
) (/Users/sujungchoi/Library/TinyTeX/texmf-dist/tex/generic/pdftexcmds/pdftexcmds.sty
Package: pdftexcmds 2020-06-27 v0.33 Utility functions of pdfTeX for LuaTeX (HO)
(/Users/sujungchoi/Library/TinyTeX/texmf-dist/tex/generic/infwarerr/infwarerr.sty
Package: infwarerr 2019/12/03 v1.5 Providing info/warning/error messages (HO)
)
Package pdftexcmds Info: \pdf@primitive is available.
Package pdftexcmds Info: \pdf@ifprimitive is available.
Package pdftexcmds Info: \pdfdraftmode found.
)) (/Users/sujungchoi/Library/TinyTeX/texmf-dist/tex/latex/hycolor/hycolor.sty
Package: hycolor 2020-01-27 v1.10 Color options for hyperref/bookmark (HO)
) (/Users/sujungchoi/Library/TinyTeX/texmf-dist/tex/latex/hyperref/nameref.sty
Package: nameref 2023-11-26 v2.56 Cross-referencing by name of section
(/Users/sujungchoi/Library/TinyTeX/texmf-dist/tex/latex/refcount/refcount.sty
Package: refcount 2019/12/15 v3.6 Data extraction from label references (HO)
) (/Users/sujungchoi/Library/TinyTeX/texmf-dist/tex/generic/gettitlestring/gettitlestring.sty
Package: gettitlestring 2019/12/15 v1.6 Cleanup title references (HO)
(/Users/sujungchoi/Library/TinyTeX/texmf-dist/tex/latex/kvoptions/kvoptions.sty
Package: kvoptions 2022-06-15 v3.15 Key value format for package options (HO)
))
\c@section@level=\count300
) (/Users/sujungchoi/Library/TinyTeX/texmf-dist/tex/generic/stringenc/stringenc.sty
Package: stringenc 2019/11/29 v1.12 Convert strings between diff. encodings (HO)
)
\@linkdim=\dimen176
\Hy@linkcounter=\count301
\Hy@pagecounter=\count302
(/Users/sujungchoi/Library/TinyTeX/texmf-dist/tex/latex/hyperref/pd1enc.def
File: pd1enc.def 2024-07-10 v7.01j Hyperref: PDFDocEncoding definition (HO)
Now handling font encoding PD1 ...
... no UTF-8 mapping file for font encoding PD1
) (/Users/sujungchoi/Library/TinyTeX/texmf-dist/tex/generic/intcalc/intcalc.sty
Package: intcalc 2019/12/15 v1.3 Expandable calculations with integers (HO)
)
\Hy@SavedSpaceFactor=\count303
(/Users/sujungchoi/Library/TinyTeX/texmf-dist/tex/latex/hyperref/puenc.def
File: puenc.def 2024-07-10 v7.01j Hyperref: PDF Unicode definition (HO)
Now handling font encoding PU ...
... no UTF-8 mapping file for font encoding PU
)
Package hyperref Info: Option `unicode' set `true' on input line 4040.
Package hyperref Info: Hyper figures OFF on input line 4157.
Package hyperref Info: Link nesting OFF on input line 4162.
Package hyperref Info: Hyper index ON on input line 4165.
Package hyperref Info: Plain pages OFF on input line 4172.
Package hyperref Info: Backreferencing OFF on input line 4177.
Package hyperref Info: Implicit mode ON; LaTeX internals redefined.
Package hyperref Info: Bookmarks ON on input line 4424.
\c@Hy@tempcnt=\count304
(/Users/sujungchoi/Library/TinyTeX/texmf-dist/tex/latex/url/url.sty
\Urlmuskip=\muskip18
Package: url 2013/09/16  ver 3.4  Verb mode for urls, etc.
)
LaTeX Info: Redefining \url on input line 4763.
\XeTeXLinkMargin=\dimen177
(/Users/sujungchoi/Library/TinyTeX/texmf-dist/tex/generic/bitset/bitset.sty
Package: bitset 2019/12/09 v1.3 Handle bit-vector datatype (HO)
(/Users/sujungchoi/Library/TinyTeX/texmf-dist/tex/generic/bigintcalc/bigintcalc.sty
Package: bigintcalc 2019/12/15 v1.5 Expandable calculations on big integers (HO)
))
\Fld@menulength=\count305
\Field@Width=\dimen178
\Fld@charsize=\dimen179
Package hyperref Info: Hyper figures OFF on input line 6042.
Package hyperref Info: Link nesting OFF on input line 6047.
Package hyperref Info: Hyper index ON on input line 6050.
Package hyperref Info: backreferencing OFF on input line 6057.
Package hyperref Info: Link coloring OFF on input line 6062.
Package hyperref Info: Link coloring with OCG OFF on input line 6067.
Package hyperref Info: PDF/A mode OFF on input line 6072.
(/Users/sujungchoi/Library/TinyTeX/texmf-dist/tex/latex/base/atbegshi-ltx.sty
Package: atbegshi-ltx 2021/01/10 v1.0c Emulation of the original atbegshi
package with kernel methods
)
\Hy@abspage=\count306
\c@Item=\count307
\c@Hfootnote=\count308
)
Package hyperref Info: Driver (autodetected): hpdftex.
(/Users/sujungchoi/Library/TinyTeX/texmf-dist/tex/latex/hyperref/hpdftex.def
File: hpdftex.def 2024-07-10 v7.01j Hyperref driver for pdfTeX
(/Users/sujungchoi/Library/TinyTeX/texmf-dist/tex/latex/base/atveryend-ltx.sty
Package: atveryend-ltx 2020/08/19 v1.0a Emulation of the original atveryend package
with kernel methods
)
\Fld@listcount=\count309
\c@bookmark@seq@number=\count310
(/Users/sujungchoi/Library/TinyTeX/texmf-dist/tex/latex/rerunfilecheck/rerunfilecheck.sty
Package: rerunfilecheck 2022-07-10 v1.10 Rerun checks for auxiliary files (HO)
(/Users/sujungchoi/Library/TinyTeX/texmf-dist/tex/generic/uniquecounter/uniquecounter.sty
Package: uniquecounter 2019/12/15 v1.4 Provide unlimited unique counter (HO)
)
Package uniquecounter Info: New unique counter `rerunfilecheck' on input line 285.
)
\Hy@SectionHShift=\skip69
) (/Users/sujungchoi/Library/TinyTeX/texmf-dist/tex/latex/bookmark/bkm-pdftex.def
File: bkm-pdftex.def 2023-12-10 v1.31 bookmark driver for pdfTeX and luaTeX (HO)
\BKM@id=\count311
)) (/Users/sujungchoi/Library/TinyTeX/texmf-dist/tex/latex/l3backend/l3backend-pdftex.def
File: l3backend-pdftex.def 2024-05-08 L3 backend support: PDF output (pdfTeX)
\l__color_backend_stack_int=\count312
\l__pdf_internal_box=\box64
) (./_main.aux

LaTeX Warning: Label `eq:samplemeanvar' multiply defined.

)
\openout1 = `_main.aux'.

LaTeX Font Info:    Checking defaults for OML/cmm/m/it on input line 134.
LaTeX Font Info:    ... okay on input line 134.
LaTeX Font Info:    Checking defaults for OMS/cmsy/m/n on input line 134.
LaTeX Font Info:    ... okay on input line 134.
LaTeX Font Info:    Checking defaults for OT1/cmr/m/n on input line 134.
LaTeX Font Info:    ... okay on input line 134.
LaTeX Font Info:    Checking defaults for T1/cmr/m/n on input line 134.
LaTeX Font Info:    ... okay on input line 134.
LaTeX Font Info:    Checking defaults for TS1/cmr/m/n on input line 134.
LaTeX Font Info:    ... okay on input line 134.
LaTeX Font Info:    Checking defaults for OMX/cmex/m/n on input line 134.
LaTeX Font Info:    ... okay on input line 134.
LaTeX Font Info:    Checking defaults for U/cmr/m/n on input line 134.
LaTeX Font Info:    ... okay on input line 134.
LaTeX Font Info:    Checking defaults for C00/song/m/n on input line 134.
LaTeX Font Info:    ... okay on input line 134.
LaTeX Font Info:    Checking defaults for C05/song/m/n on input line 134.
LaTeX Font Info:    ... okay on input line 134.
LaTeX Font Info:    Checking defaults for C09/song/m/n on input line 134.
LaTeX Font Info:    ... okay on input line 134.
LaTeX Font Info:    Checking defaults for C10/song/m/n on input line 134.
LaTeX Font Info:    ... okay on input line 134.
LaTeX Font Info:    Checking defaults for C20/song/m/n on input line 134.
LaTeX Font Info:    ... okay on input line 134.
LaTeX Font Info:    Checking defaults for C19/song/m/n on input line 134.
LaTeX Font Info:    ... okay on input line 134.
LaTeX Font Info:    Checking defaults for C40/song/m/n on input line 134.
LaTeX Font Info:    ... okay on input line 134.
LaTeX Font Info:    Checking defaults for C42/song/m/n on input line 134.
LaTeX Font Info:    ... okay on input line 134.
LaTeX Font Info:    Checking defaults for C43/song/m/n on input line 134.
LaTeX Font Info:    ... okay on input line 134.
LaTeX Font Info:    Checking defaults for C50/song/m/n on input line 134.
LaTeX Font Info:    ... okay on input line 134.
LaTeX Font Info:    Checking defaults for C52/song/m/n on input line 134.
LaTeX Font Info:    ... okay on input line 134.
LaTeX Font Info:    Checking defaults for C49/song/m/n on input line 134.
LaTeX Font Info:    ... okay on input line 134.
LaTeX Font Info:    Checking defaults for C60/mj/m/n on input line 134.
LaTeX Font Info:    ... okay on input line 134.
LaTeX Font Info:    Checking defaults for C61/mj/m/n on input line 134.
LaTeX Font Info:    ... okay on input line 134.
LaTeX Font Info:    Checking defaults for C63/mj/m/n on input line 134.
LaTeX Font Info:    ... okay on input line 134.
LaTeX Font Info:    Checking defaults for C64/mj/m/n on input line 134.
LaTeX Font Info:    ... okay on input line 134.
LaTeX Font Info:    Checking defaults for C65/mj/m/n on input line 134.
LaTeX Font Info:    ... okay on input line 134.
LaTeX Font Info:    Checking defaults for C70/song/m/n on input line 134.
LaTeX Font Info:    ... okay on input line 134.
LaTeX Font Info:    Checking defaults for C31/song/m/n on input line 134.
LaTeX Font Info:    ... okay on input line 134.
LaTeX Font Info:    Checking defaults for C32/song/m/n on input line 134.
LaTeX Font Info:    ... okay on input line 134.
LaTeX Font Info:    Checking defaults for C33/song/m/n on input line 134.
LaTeX Font Info:    ... okay on input line 134.
LaTeX Font Info:    Checking defaults for C34/song/m/n on input line 134.
LaTeX Font Info:    ... okay on input line 134.
LaTeX Font Info:    Checking defaults for C35/song/m/n on input line 134.
LaTeX Font Info:    ... okay on input line 134.
LaTeX Font Info:    Checking defaults for C36/song/m/n on input line 134.
LaTeX Font Info:    ... okay on input line 134.
LaTeX Font Info:    Checking defaults for C37/song/m/n on input line 134.
LaTeX Font Info:    ... okay on input line 134.
LaTeX Font Info:    Checking defaults for C80/song/m/n on input line 134.
LaTeX Font Info:    ... okay on input line 134.
LaTeX Font Info:    Checking defaults for C81/song/m/n on input line 134.
LaTeX Font Info:    ... okay on input line 134.
LaTeX Font Info:    Checking defaults for C01/song/m/n on input line 134.
LaTeX Font Info:    ... okay on input line 134.
LaTeX Font Info:    Checking defaults for C11/song/m/n on input line 134.
LaTeX Font Info:    ... okay on input line 134.
LaTeX Font Info:    Checking defaults for C21/song/m/n on input line 134.
LaTeX Font Info:    ... okay on input line 134.
LaTeX Font Info:    Checking defaults for C41/song/m/n on input line 134.
LaTeX Font Info:    ... okay on input line 134.
LaTeX Font Info:    Checking defaults for C62/song/m/n on input line 134.
LaTeX Font Info:    ... okay on input line 134.
LaTeX Font Info:    Checking defaults for PD1/pdf/m/n on input line 134.
LaTeX Font Info:    ... okay on input line 134.
LaTeX Font Info:    Checking defaults for PU/pdf/m/n on input line 134.
LaTeX Font Info:    ... okay on input line 134.
(/Users/sujungchoi/Library/TinyTeX/texmf-dist/tex/latex/epstopdf-pkg/epstopdf-base.sty
Package: epstopdf-base 2020-01-24 v2.11 Base part for package epstopdf
Package epstopdf-base Info: Redefining graphics rule for `.eps' on input line 485.
(/Users/sujungchoi/Library/TinyTeX/texmf-dist/tex/latex/latexconfig/epstopdf-sys.cfg
File: epstopdf-sys.cfg 2010/07/13 v1.3 Configuration of (r)epstopdf for TeX Live
))
   defining Unicode char U+00B7 (decimal 183)
Package hyperref Info: Link coloring OFF on input line 134.
LaTeX Font Info:    Trying to load font information for C70+mj on input line 136.
(/Users/sujungchoi/Library/TinyTeX/texmf-dist/tex/latex/cjk/texinput/UTF8/c70mj.fd
File: c70mj.fd 2021/10/16 4.8.5
) (/Users/sujungchoi/Library/TinyTeX/texmf-dist/tex/latex/cjk/texinput/UTF8/c70mj.fdx
File: c70mj.fdx 2021/10/16 4.8.5
)
LaTeX Font Info:    Trying to load font information for OT1+lmr on input line 136.
(/Users/sujungchoi/Library/TinyTeX/texmf-dist/tex/latex/lm/ot1lmr.fd
File: ot1lmr.fd 2015/05/01 v1.6.1 Font defs for Latin Modern
)
LaTeX Font Info:    Trying to load font information for OML+lmm on input line 136.
(/Users/sujungchoi/Library/TinyTeX/texmf-dist/tex/latex/lm/omllmm.fd
File: omllmm.fd 2015/05/01 v1.6.1 Font defs for Latin Modern
)
LaTeX Font Info:    Trying to load font information for OMS+lmsy on input line 136.
(/Users/sujungchoi/Library/TinyTeX/texmf-dist/tex/latex/lm/omslmsy.fd
File: omslmsy.fd 2015/05/01 v1.6.1 Font defs for Latin Modern
)
LaTeX Font Info:    Trying to load font information for OMX+lmex on input line 136.
(/Users/sujungchoi/Library/TinyTeX/texmf-dist/tex/latex/lm/omxlmex.fd
File: omxlmex.fd 2015/05/01 v1.6.1 Font defs for Latin Modern
)
LaTeX Font Info:    External font `lmex10' loaded for size
(Font)              <12> on input line 136.
LaTeX Font Info:    External font `lmex10' loaded for size
(Font)              <8> on input line 136.
LaTeX Font Info:    External font `lmex10' loaded for size
(Font)              <6> on input line 136.
LaTeX Font Info:    Trying to load font information for U+msa on input line 136.
(/Users/sujungchoi/Library/TinyTeX/texmf-dist/tex/latex/amsfonts/umsa.fd
File: umsa.fd 2013/01/14 v3.01 AMS symbols A
)
LaTeX Font Info:    Trying to load font information for U+msb on input line 136.
(/Users/sujungchoi/Library/TinyTeX/texmf-dist/tex/latex/amsfonts/umsb.fd
File: umsb.fd 2013/01/14 v3.01 AMS symbols B
)

[1


{/Users/sujungchoi/Library/TinyTeX/texmf-var/fonts/map/pdftex/updmap/pdftex.map}{/Users/sujungchoi/Library/TinyTeX/texmf-dist/fonts/enc/dvips/lm/lm-ec.enc}]

[2

] (./_main.toc
LaTeX Font Info:    External font `lmex10' loaded for size
(Font)              <10> on input line 2.
LaTeX Font Info:    External font `lmex10' loaded for size
(Font)              <7> on input line 2.
LaTeX Font Info:    External font `lmex10' loaded for size
(Font)              <5> on input line 2.


[3]

[4])
\tf@toc=\write4
\openout4 = `_main.toc'.



[5]

[6

]
μ  1 μ¥.
Missing character: There is no „ in font uwmjb5!
LaTeX Font Info:    Trying to load font information for TS1+lmr on input line 155.
(/Users/sujungchoi/Library/TinyTeX/texmf-dist/tex/latex/lm/ts1lmr.fd
File: ts1lmr.fd 2015/05/01 v1.6.1 Font defs for Latin Modern
)
Missing character: There is no „ in font uwmjb5!



pdfTeX warning (ext4): destination with the same identifier (name{page.1}) has been already used, duplicate ignored
<to be read again> 
                   \relax 
l.157   λ
         ‘μ§Έ, SPSSκ°€ κ°–κ³  μλ” μ§κ΄€μ μΈ μΈν„°νμ΄μ¤μ™€ κ°„λ‹¨... [1

]


pdfTeX warning (ext4): destination with the same identifier (name{page.2}) has been already used, duplicate ignored
<to be read again> 
                   \relax 
l.165 
       [2{/Users/sujungchoi/Library/TinyTeX/texmf-dist/fonts/enc/dvips/lm/lm-ts1.enc}]


pdfTeX warning (ext4): destination with the same identifier (name{page.3}) has been already used, duplicate ignored
<to be read again> 
                   \relax 
l.193   5
         μ¥. μ¶”λ΅ ν†µκ³„μ™€ κ°€μ„¤κ²€μ • [3]
LaTeX Font Info:    Trying to load font information for T1+zi4 on input line 212.
(/Users/sujungchoi/Library/TinyTeX/texmf-dist/tex/latex/inconsolata/t1zi4.fd
File: t1zi4.fd 2018/01/14 T1/zi4 (Inconsolata)
)
LaTeX Font Info:    Font shape `T1/zi4/m/n' will be
(Font)              scaled to size 10.0pt on input line 212.



pdfTeX warning (ext4): destination with the same identifier (name{page.4}) has been already used, duplicate ignored
<to be read again> 
                   \relax 
l.215 
       [4{/Users/sujungchoi/Library/TinyTeX/texmf-dist/fonts/enc/dvips/inconsolata/i4-t1-0.enc}]


pdfTeX warning (ext4): destination with the same identifier (name{page.5}) has been already used, duplicate ignored
<to be read again> 
                   \relax 
l.222 \chapter
              {R μλ£ κµ¬μ΅°μ μ΄ν•΄}\label{data} [5]


pdfTeX warning (ext4): destination with the same identifier (name{page.6}) has been already used, duplicate ignored
<to be read again> 
                   \relax 
l.222 \chapter
              {R μλ£ κµ¬μ΅°μ μ΄ν•΄}\label{data} [6

]
μ  2 μ¥.

LaTeX Font Warning: Font shape `T1/zi4/m/it' undefined
(Font)              using `T1/zi4/m/n' instead on input line 230.

LaTeX Font Info:    Font shape `C70/mj/m/it'
(Font)              in size <10> not available.
(Font)              Font shape `C70/mj/m/sl'
(Font)              tried instead on input line 230.
LaTeX Font Info:    Font shape `T1/zi4/m/it' will be
(Font)              scaled to size 10.0pt on input line 231.
LaTeX Font Info:    Font shape `T1/zi4/b/n' will be
(Font)              scaled to size 10.0pt on input line 232.

LaTeX Font Warning: Font shape `T1/zi4/b/it' undefined
(Font)              using `T1/zi4/b/n' instead on input line 232.


Underfull \vbox (badness 1377) has occurred while \output is active []



[7]
LaTeX Font Info:    Font shape `T1/zi4/b/it' will be
(Font)              scaled to size 10.0pt on input line 240.


[8]

[9]

[10]

[11]

[12]

[13]

[14]

[15]
LaTeX Font Info:    Trying to load font information for TS1+zi4 on input line 603.
(/Users/sujungchoi/Library/TinyTeX/texmf-dist/tex/latex/inconsolata/ts1zi4.fd
File: ts1zi4.fd 2018/01/14 TS1/zi4 (Inconsolata)
)

LaTeX Font Warning: Font shape `TS1/zi4/b/it' undefined
(Font)              using `TS1/zi4/b/n' instead
(Font)              for symbol `textquotesingle' on input line 603.

LaTeX Font Info:    Font shape `TS1/zi4/b/n' will be
(Font)              scaled to size 10.0pt on input line 603.
LaTeX Font Info:    Font shape `TS1/zi4/b/it' will be
(Font)              scaled to size 10.0pt on input line 603.


[16{/Users/sujungchoi/Library/TinyTeX/texmf-dist/fonts/enc/dvips/inconsolata/i4-ts1.enc}]

[17]
Underfull \hbox (badness 10000) in paragraph at lines 679--681

 []

Missing character: There is no „ in font uwmjb5!


[18]

[19]
Overfull \hbox (11.98851pt too wide) in paragraph at lines 754--756
[]\T1/lmr/m/n/10 mean() : \C70/mj/m/n/10/b3 p \C70/mj/m/n/10/c7 t \C70/mj/m/n/10/d1 0 \C70/mj/m/n/10/d5 ^^D \C70/mj/m/n/10/b8 ^^H \C70/mj/m/n/10/c7 „\T1/lmr/m/n/10 , \C70/mj/m/n/10/b6 ^^P \C70/mj/m/n/10/b2 ” \C70/mj/m/n/10/b3 p \C70/mj/m/n/10/c7 t \C70/mj/m/n/10/d1 0 \C70/mj/m/n/10/d5 ^^D \C70/mj/m/n/10/b8 ^^H \C70/mj/m/n/10/c7 „ X \C70/mj/m/n/10/d2 Ή \C70/mj/m/n/10/c8 ^^U \C70/mj/m/n/10/bc ΐ \C70/mj/m/n/10/c2 ^^X \T1/lmr/m/n/10 (dataframe$variable)
 []



[20]
Underfull \hbox (badness 10000) in paragraph at lines 774--776

 []



[21]

[22]

[23]

[24

]
μ  3 μ¥.


[25]
Missing character: There is no 0 in font uwmjca!


[26]
Underfull \hbox (badness 2922) in paragraph at lines 904--906
[]\T1/lmr/m/n/10 R \C70/mj/m/n/10/c5 Π \C70/mj/m/n/10/c1 ^^\ \C70/mj/m/n/10/d3 ( \C70/mj/m/n/10/d0 ¤ \C70/mj/m/n/10/c9 ΐ \C70/mj/m/n/10/b9 | \C70/mj/m/n/10/c1 $ \C70/mj/m/n/10/ce X \C70/mj/m/n/10/d5 X \C70/mj/m/n/10/b2 ” \C70/mj/m/n/10/bc ) • \C70/mj/m/n/10/c7 @ \C70/mj/m/n/10/d0 l \C70/mj/m/n/10/ac  \C70/mj/m/n/10/b4 P \C70/mj/m/n/10/ac ^^@ \C70/mj/m/n/10/c9 ΐ \C70/mj/m/n/10/c7 t \C70/mj/m/n/10/b2 δ\T1/lmr/m/n/10 . \C70/mj/m/n/10/cf X \C70/mj/m/n/10/c1 ” \C70/mj/m/n/10/cc = \C70/mj/m/n/10/c5 Π \T1/lmr/m/n/10 in-
 []


Underfull \vbox (badness 1117) has occurred while \output is active []



[27]
<images/project3.png, id=287, 403.5075pt x 283.81032pt>
File: images/project3.png Graphic file (type png)
<use images/project3.png>
Package pdftex.def Info: images/project3.png  used on input line 950.
(pdftex.def)             Requested size: 137.9973pt x 97.06152pt.
<images/project4.png, id=288, 433.62pt x 398.99063pt>
File: images/project4.png Graphic file (type png)
<use images/project4.png>
Package pdftex.def Info: images/project4.png  used on input line 950.
(pdftex.def)             Requested size: 138.00034pt x 126.97948pt.


[28 <./images/project3.png> <./images/project4.png>]

[29]

[30]
Underfull \vbox (badness 5741) has occurred while \output is active []



[31]

[32]

[33]
LaTeX Font Info:    Font shape `C70/mj/b/it'
(Font)              in size <10> not available.
(Font)              Font shape `C70/mj/b/sl'
(Font)              tried instead on input line 1118.


[34]

[35]

[36]

[37]

[38]
LaTeX Info: Symbol \textasciigrave not provided by
            font family zi4 in TS1 encoding.
            Default family used instead on input line 1282.
LaTeX Font Info:    Trying to load font information for T1+cmtt on input line 1282.
(/Users/sujungchoi/Library/TinyTeX/texmf-dist/tex/latex/base/t1cmtt.fd
File: t1cmtt.fd 2023/04/13 v2.5m Standard LaTeX font definitions
)

LaTeX Font Warning: Font shape `T1/cmtt/b/it' undefined
(Font)              using `T1/cmtt/m/n' instead on input line 1282.

LaTeX Font Info:    Trying to load font information for TS1+cmtt on input line 1282.
(/Users/sujungchoi/Library/TinyTeX/texmf-dist/tex/latex/base/ts1cmtt.fd
File: ts1cmtt.fd 2023/04/13 v2.5m Standard LaTeX font definitions
)

LaTeX Font Warning: Font shape `TS1/cmtt/b/it' undefined
(Font)              using `TS1/cmtt/m/n' instead
(Font)              for symbol `textasciigrave' on input line 1282.

LaTeX Info: Symbol \textasciigrave not provided by
            font family zi4 in TS1 encoding.
            Default family used instead on input line 1282.
LaTeX Info: Symbol \textasciigrave not provided by
            font family zi4 in TS1 encoding.
            Default family used instead on input line 1283.
LaTeX Info: Symbol \textasciigrave not provided by
            font family zi4 in TS1 encoding.
            Default family used instead on input line 1283.
LaTeX Info: Symbol \textasciigrave not provided by
            font family zi4 in TS1 encoding.
            Default family used instead on input line 1284.
LaTeX Info: Symbol \textasciigrave not provided by
            font family zi4 in TS1 encoding.
            Default family used instead on input line 1284.


[39]
LaTeX Info: Symbol \textasciigrave not provided by
            font family zi4 in TS1 encoding.
            Default family used instead on input line 1325.
LaTeX Info: Symbol \textasciigrave not provided by
            font family zi4 in TS1 encoding.
            Default family used instead on input line 1325.
LaTeX Info: Symbol \textasciigrave not provided by
            font family zi4 in TS1 encoding.
            Default family used instead on input line 1326.
LaTeX Info: Symbol \textasciigrave not provided by
            font family zi4 in TS1 encoding.
            Default family used instead on input line 1326.
LaTeX Info: Symbol \textasciigrave not provided by
            font family zi4 in TS1 encoding.
            Default family used instead on input line 1327.
LaTeX Info: Symbol \textasciigrave not provided by
            font family zi4 in TS1 encoding.
            Default family used instead on input line 1327.
LaTeX Info: Symbol \textasciigrave not provided by
            font family zi4 in TS1 encoding.
            Default family used instead on input line 1345.
LaTeX Info: Symbol \textasciigrave not provided by
            font family zi4 in TS1 encoding.
            Default family used instead on input line 1345.
LaTeX Info: Symbol \textasciigrave not provided by
            font family zi4 in TS1 encoding.
            Default family used instead on input line 1346.
LaTeX Info: Symbol \textasciigrave not provided by
            font family zi4 in TS1 encoding.
            Default family used instead on input line 1346.


[40]

[41]

[42]

[43]

[44]

[45]

[46]

[47]

[48]
Overfull \hbox (22.31136pt too wide) in paragraph at lines 1644--1644
[] \C70/mj/bx/n/14.4/b3 p[][] \C70/mj/bx/n/14.4/c7 t[][] \C70/mj/bx/n/14.4/d1 0[][] \C70/mj/bx/n/14.4/b9 |[][] \C70/mj/bx/n/14.4/d0 ΐ[][] \C70/mj/bx/n/14.4/c7 t[][] \C70/mj/bx/n/14.4/b5 ^^T[][] \C70/mj/bx/n/14.4/d5 X[][] \C70/mj/bx/n/14.4/ac [][] \C70/mj/bx/n/14.4/b9 Μ[][] \C70/mj/bx/n/14.4/b4 δ[][] \C70/mj/bx/n/14.4/ae 0[][] \T1/lmr/bx/n/14.4 : pivot_longer
 []



[49]

[50]
Underfull \vbox (badness 1496) detected at line 1726
 []


Underfull \vbox (badness 1082) has occurred while \output is active []



[51]

[52]

[53]
LaTeX Info: Symbol \textasciigrave not provided by
            font family zi4 in TS1 encoding.
            Default family used instead on input line 1815.
LaTeX Info: Symbol \textasciigrave not provided by
            font family zi4 in TS1 encoding.
            Default family used instead on input line 1815.
LaTeX Info: Symbol \textasciigrave not provided by
            font family zi4 in TS1 encoding.
            Default family used instead on input line 1815.
LaTeX Info: Symbol \textasciigrave not provided by
            font family zi4 in TS1 encoding.
            Default family used instead on input line 1815.
LaTeX Info: Symbol \textasciigrave not provided by
            font family zi4 in TS1 encoding.
            Default family used instead on input line 1815.
LaTeX Info: Symbol \textasciigrave not provided by
            font family zi4 in TS1 encoding.
            Default family used instead on input line 1815.
LaTeX Info: Symbol \textasciigrave not provided by
            font family zi4 in TS1 encoding.
            Default family used instead on input line 1815.
LaTeX Info: Symbol \textasciigrave not provided by
            font family zi4 in TS1 encoding.
            Default family used instead on input line 1815.


[54]

[55]

[56]

[57]
Underfull \vbox (badness 2990) has occurred while \output is active []



[58]
LaTeX Info: Symbol \textasciigrave not provided by
            font family zi4 in TS1 encoding.
            Default family used instead on input line 1992.
LaTeX Info: Symbol \textasciigrave not provided by
            font family zi4 in TS1 encoding.
            Default family used instead on input line 1992.
LaTeX Info: Symbol \textasciigrave not provided by
            font family zi4 in TS1 encoding.
            Default family used instead on input line 1993.
LaTeX Info: Symbol \textasciigrave not provided by
            font family zi4 in TS1 encoding.
            Default family used instead on input line 1993.
LaTeX Info: Symbol \textasciigrave not provided by
            font family zi4 in TS1 encoding.
            Default family used instead on input line 1994.
LaTeX Info: Symbol \textasciigrave not provided by
            font family zi4 in TS1 encoding.
            Default family used instead on input line 1994.


[59]
Underfull \vbox (badness 10000) detected at line 2054
 []


Underfull \vbox (badness 10000) detected at line 2054
 []



[60]

[61]
Underfull \vbox (badness 10000) detected at line 2553
 []


Underfull \vbox (badness 7944) has occurred while \output is active []



[62]
Underfull \vbox (badness 10000) detected at line 2553
 []


Underfull \vbox (badness 10000) detected at line 2553
 []



[63]
Underfull \vbox (badness 10000) detected at line 2553
 []


Underfull \vbox (badness 10000) detected at line 2553
 []



[64]
Underfull \vbox (badness 10000) detected at line 2553
 []


Underfull \vbox (badness 10000) detected at line 2553
 []



[65]
Underfull \vbox (badness 10000) detected at line 2553
 []


Underfull \vbox (badness 10000) detected at line 2553
 []



[66]
Underfull \vbox (badness 10000) detected at line 2553
 []


Underfull \vbox (badness 10000) detected at line 2553
 []



[67]
Underfull \vbox (badness 10000) detected at line 2553
 []


Underfull \vbox (badness 10000) detected at line 2553
 []



[68]
Underfull \vbox (badness 10000) detected at line 2553
 []


Underfull \vbox (badness 10000) detected at line 2553
 []



[69]
Underfull \vbox (badness 10000) detected at line 2553
 []


Underfull \vbox (badness 10000) detected at line 2553
 []



[70]
Underfull \vbox (badness 10000) detected at line 2553
 []


Underfull \vbox (badness 10000) detected at line 2553
 []



[71]
Underfull \vbox (badness 10000) detected at line 2553
 []


Underfull \vbox (badness 10000) detected at line 2553
 []



[72]
Underfull \vbox (badness 10000) detected at line 2553
 []


Underfull \vbox (badness 10000) detected at line 2553
 []



[73]
Underfull \vbox (badness 10000) detected at line 2553
 []


Underfull \vbox (badness 10000) detected at line 2553
 []



[74]
Underfull \vbox (badness 10000) detected at line 2553
 []


Underfull \vbox (badness 10000) detected at line 2553
 []



[75]

[76]
Underfull \vbox (badness 10000) detected at line 2611
 []


Underfull \vbox (badness 10000) detected at line 2611
 []



[77]

[78]
Underfull \hbox (badness 5787) in paragraph at lines 2654--2655
[]\C70/mj/m/n/10/ad ό \C70/mj/m/n/10/b8 \ \C70/mj/m/n/10/c8 p \C70/mj/m/n/10/ac t \T1/lmr/m/n/10 : w333(\C70/mj/m/n/10/c8 ^^U \C70/mj/m/n/10/ad ά \C70/mj/m/n/10/c9 Α \C70/mj/m/n/10/c5 μ \C70/mj/m/n/10/bd €\T1/lmr/m/n/10 ), w335(\C70/mj/m/n/10/b1 x \C70/mj/m/n/10/b3 Ω \C70/mj/m/n/10/c8 p \C70/mj/m/n/10/d5 i \C70/mj/m/n/10/c5 μ \C70/mj/m/n/10/bd €\T1/lmr/m/n/10 ), w336_01,
 []


Underfull \hbox (badness 1859) in paragraph at lines 2654--2655
\T1/lmr/m/n/10 w336_02(\C70/mj/m/n/10/c8 ό \C70/mj/m/n/10/b2 ω \C70/mj/m/n/10/c8 ^^U \C70/mj/m/n/10/ad ά\T1/lmr/m/n/10 / \C70/mj/m/n/10/cd ^^H \C70/mj/m/n/10/ac ό \C70/mj/m/n/10/ad ό \C70/mj/m/n/10/b8 \ \C70/mj/m/n/10/c2 ά \C70/mj/m/n/10/ac ^^D\T1/lmr/m/n/10 ), w337_01, w337_02(\C70/mj/m/n/10/c5 π \C70/mj/m/n/10/ac ^^D\T1/lmr/m/n/10 , \C70/mj/m/n/10/c6 Τ \C70/mj/m/n/10/ac ^^D
 []


Underfull \hbox (badness 1418) in paragraph at lines 2676--2678
\C70/mj/m/n/10/be D \C70/mj/m/n/10/c8 ^^U \C70/mj/m/n/10/ad ά \C70/mj/m/n/10/c9 Α \C70/mj/m/n/10/c7 x \C70/mj/m/n/10/c6 Π\T1/lmr/m/n/10 ), c3b02_02_01(\C70/mj/m/n/10/c8 ^^U \C70/mj/m/n/10/ad ά \C70/mj/m/n/10/c9 Α \C70/mj/m/n/10/c7 x \C70/mj/m/n/10/c6 Π\T1/lmr/m/n/10 ), c3b02_02_02(30 \C70/mj/m/n/10/c1 8 \C70/mj/m/n/10/bb ψ
 []


Underfull \hbox (badness 4316) in paragraph at lines 2676--2678
\T1/lmr/m/n/10 c3b02_03_03(\C70/mj/m/n/10/ac ΰ \C70/mj/m/n/10/c8 x \C70/mj/m/n/10/c7 t \C70/mj/m/n/10/d5 X \C70/mj/m/n/10/c7 x \C70/mj/m/n/10/c6 Π\T1/lmr/m/n/10 ) \C70/mj/m/n/10/c8 ^^D \C70/mj/m/n/10/bb 8 \C70/mj/m/n/10/b3 ^^@ \C70/mj/m/n/10/c8 x\T1/lmr/m/n/10 ), c3b02_03_04(\C70/mj/m/n/10/b3 ^^@ \C70/mj/m/n/10/c8 x \C70/mj/m/n/10/c7 t \C70/mj/m/n/10/d5 X\T1/lmr/m/n/10 ),
 []



[79]
Underfull \hbox (badness 1789) in paragraph at lines 2678--2680
[]\T1/lmr/m/n/10 HRD \C70/mj/m/n/10/ad ^^@ \C70/mj/m/n/10/b8 ( \T1/lmr/m/n/10 : c3c01_01(HRD \C70/mj/m/n/10/b2 τ ω \C70/mj/m/n/10/c8 p \C70/mj/m/n/10/c9 Α \C70/mj/m/n/10/c5 μ \C70/mj/m/n/10/bd €\T1/lmr/m/n/10 ), c3c01_01_01(\C70/mj/m/n/10/c8 ^^D \C70/mj/m/n/10/b2 τ \C70/mj/m/n/10/c7 
 []


Underfull \hbox (badness 1286) in paragraph at lines 2678--2680
\C70/mj/m/n/10/c5 μ \C70/mj/m/n/10/bd €\T1/lmr/m/n/10 ), c3c01_02(hrd \C70/mj/m/n/10/ac Δ \C70/mj/m/n/10/d6  \C70/mj/m/n/10/c2 ^^X \C70/mj/m/n/10/b9 ½ \C70/mj/m/n/10/c5 μ \C70/mj/m/n/10/bd €\T1/lmr/m/n/10 ), c3c01_03(\C70/mj/m/n/10/c7  \C70/mj/m/n/10/cc ΄ \C70/mj/m/n/10/ad P \C70/mj/m/n/10/c7 ! \C70/mj/m/n/10/d5 ^^D \C70/mj/m/n/10/b8 \ \C70/mj/m/n/10/ad ψ \C70/mj/m/n/10/b7 ¨
 []



[80]

[81]

[82]
LaTeX Info: Symbol \textasciigrave not provided by
            font family zi4 in TS1 encoding.
            Default family used instead on input line 2793.
LaTeX Info: Symbol \textasciigrave not provided by
            font family zi4 in TS1 encoding.
            Default family used instead on input line 2793.
LaTeX Info: Symbol \textasciigrave not provided by
            font family zi4 in TS1 encoding.
            Default family used instead on input line 2794.
LaTeX Info: Symbol \textasciigrave not provided by
            font family zi4 in TS1 encoding.
            Default family used instead on input line 2794.


[83]
Underfull \vbox (badness 4981) detected at line 3293
 []


Underfull \vbox (badness 4621) has occurred while \output is active []



[84]
Underfull \vbox (badness 10000) detected at line 3293
 []


Underfull \vbox (badness 10000) detected at line 3293
 []



[85]
Underfull \vbox (badness 10000) detected at line 3293
 []


Underfull \vbox (badness 10000) detected at line 3293
 []



[86]
Underfull \vbox (badness 10000) detected at line 3293
 []


Underfull \vbox (badness 10000) detected at line 3293
 []



[87]
Underfull \vbox (badness 10000) detected at line 3293
 []


Underfull \vbox (badness 10000) detected at line 3293
 []



[88]
Underfull \vbox (badness 10000) detected at line 3293
 []


Underfull \vbox (badness 10000) detected at line 3293
 []



[89]
Underfull \vbox (badness 10000) detected at line 3293
 []


Underfull \vbox (badness 10000) detected at line 3293
 []



[90]
Underfull \vbox (badness 10000) detected at line 3293
 []


Underfull \vbox (badness 10000) detected at line 3293
 []



[91]
Underfull \vbox (badness 10000) detected at line 3293
 []


Underfull \vbox (badness 10000) detected at line 3293
 []



[92]
Underfull \vbox (badness 10000) detected at line 3293
 []


Underfull \vbox (badness 10000) detected at line 3293
 []



[93]
Underfull \vbox (badness 10000) detected at line 3293
 []


Underfull \vbox (badness 10000) detected at line 3293
 []



[94]
Underfull \vbox (badness 10000) detected at line 3293
 []


Underfull \vbox (badness 10000) detected at line 3293
 []



[95]
Underfull \vbox (badness 10000) detected at line 3293
 []


Underfull \vbox (badness 10000) detected at line 3293
 []



[96]
Underfull \vbox (badness 10000) detected at line 3293
 []


Underfull \vbox (badness 10000) detected at line 3293
 []



[97]
LaTeX Info: Symbol \textasciigrave not provided by
            font family zi4 in TS1 encoding.
            Default family used instead on input line 3301.
LaTeX Info: Symbol \textasciigrave not provided by
            font family zi4 in TS1 encoding.
            Default family used instead on input line 3301.
LaTeX Info: Symbol \textasciigrave not provided by
            font family zi4 in TS1 encoding.
            Default family used instead on input line 3302.
LaTeX Info: Symbol \textasciigrave not provided by
            font family zi4 in TS1 encoding.
            Default family used instead on input line 3302.

Underfull \vbox (badness 10000) detected at line 3311
 []


Underfull \vbox (badness 8151) has occurred while \output is active []



[98]

[99]

[100

]
μ  4 μ¥.

Underfull \vbox (badness 10000) has occurred while \output is active []



[101]
LaTeX Font Info:    Font shape `T1/zi4/m/n' will be
(Font)              scaled to size 8.0pt on input line 3338.


[102]

[103]
LaTeX Info: Symbol \textasciigrave not provided by
            font family zi4 in TS1 encoding.
            Default family used instead on input line 3401.
LaTeX Info: Symbol \textasciigrave not provided by
            font family zi4 in TS1 encoding.
            Default family used instead on input line 3401.
LaTeX Info: Symbol \textasciigrave not provided by
            font family zi4 in TS1 encoding.
            Default family used instead on input line 3401.
LaTeX Info: Symbol \textasciigrave not provided by
            font family zi4 in TS1 encoding.
            Default family used instead on input line 3401.
LaTeX Info: Symbol \textasciigrave not provided by
            font family zi4 in TS1 encoding.
            Default family used instead on input line 3401.
LaTeX Info: Symbol \textasciigrave not provided by
            font family zi4 in TS1 encoding.
            Default family used instead on input line 3401.
<_main_files/figure-latex/unnamed-chunk-58-1.pdf, id=656, 458.71375pt x 315.1775pt>
File: _main_files/figure-latex/unnamed-chunk-58-1.pdf Graphic file (type pdf)
<use _main_files/figure-latex/unnamed-chunk-58-1.pdf>
Package pdftex.def Info: _main_files/figure-latex/unnamed-chunk-58-1.pdf  used on input line 3405.
(pdftex.def)             Requested size: 345.01439pt x 237.05583pt.


[104 <./_main_files/figure-latex/unnamed-chunk-58-1.pdf>]
<_main_files/figure-latex/unnamed-chunk-59-1.pdf, id=668, 458.71375pt x 315.1775pt>
File: _main_files/figure-latex/unnamed-chunk-59-1.pdf Graphic file (type pdf)
<use _main_files/figure-latex/unnamed-chunk-59-1.pdf>
Package pdftex.def Info: _main_files/figure-latex/unnamed-chunk-59-1.pdf  used on input line 3416.
(pdftex.def)             Requested size: 345.01439pt x 237.05583pt.


[105 <./_main_files/figure-latex/unnamed-chunk-59-1.pdf>]
<_main_files/figure-latex/unnamed-chunk-60-1.pdf, id=680, 458.71375pt x 315.1775pt>
File: _main_files/figure-latex/unnamed-chunk-60-1.pdf Graphic file (type pdf)
<use _main_files/figure-latex/unnamed-chunk-60-1.pdf>
Package pdftex.def Info: _main_files/figure-latex/unnamed-chunk-60-1.pdf  used on input line 3434.
(pdftex.def)             Requested size: 345.01439pt x 237.05583pt.
<_main_files/figure-latex/unnamed-chunk-61-1.pdf, id=681, 459.7175pt x 305.14pt>
File: _main_files/figure-latex/unnamed-chunk-61-1.pdf Graphic file (type pdf)
<use _main_files/figure-latex/unnamed-chunk-61-1.pdf>
Package pdftex.def Info: _main_files/figure-latex/unnamed-chunk-61-1.pdf  used on input line 3446.
(pdftex.def)             Requested size: 345.01875pt x 229.00807pt.

Underfull \vbox (badness 10000) has occurred while \output is active []



[106 <./_main_files/figure-latex/unnamed-chunk-60-1.pdf>]
<_main_files/figure-latex/unnamed-chunk-62-1.pdf, id=696, 459.7175pt x 305.14pt>
File: _main_files/figure-latex/unnamed-chunk-62-1.pdf Graphic file (type pdf)
<use _main_files/figure-latex/unnamed-chunk-62-1.pdf>
Package pdftex.def Info: _main_files/figure-latex/unnamed-chunk-62-1.pdf  used on input line 3463.
(pdftex.def)             Requested size: 345.01875pt x 229.00807pt.

Underfull \vbox (badness 10000) has occurred while \output is active []



[107 <./_main_files/figure-latex/unnamed-chunk-61-1.pdf>]
LaTeX Info: Symbol \textasciigrave not provided by
            font family zi4 in TS1 encoding.
            Default family used instead on input line 3476.
LaTeX Info: Symbol \textasciigrave not provided by
            font family zi4 in TS1 encoding.
            Default family used instead on input line 3476.
LaTeX Info: Symbol \textasciigrave not provided by
            font family zi4 in TS1 encoding.
            Default family used instead on input line 3477.
LaTeX Info: Symbol \textasciigrave not provided by
            font family zi4 in TS1 encoding.
            Default family used instead on input line 3477.
LaTeX Info: Symbol \textasciigrave not provided by
            font family zi4 in TS1 encoding.
            Default family used instead on input line 3479.
LaTeX Info: Symbol \textasciigrave not provided by
            font family zi4 in TS1 encoding.
            Default family used instead on input line 3479.


[108 <./_main_files/figure-latex/unnamed-chunk-62-1.pdf>]
<_main_files/figure-latex/unnamed-chunk-63-1.pdf, id=725, 459.7175pt x 305.14pt>
File: _main_files/figure-latex/unnamed-chunk-63-1.pdf Graphic file (type pdf)
<use _main_files/figure-latex/unnamed-chunk-63-1.pdf>
Package pdftex.def Info: _main_files/figure-latex/unnamed-chunk-63-1.pdf  used on input line 3484.
(pdftex.def)             Requested size: 345.01875pt x 229.00807pt.


[109 <./_main_files/figure-latex/unnamed-chunk-63-1.pdf>]
<_main_files/figure-latex/unnamed-chunk-64-1.pdf, id=742, 459.7175pt x 305.14pt>
File: _main_files/figure-latex/unnamed-chunk-64-1.pdf Graphic file (type pdf)
<use _main_files/figure-latex/unnamed-chunk-64-1.pdf>
Package pdftex.def Info: _main_files/figure-latex/unnamed-chunk-64-1.pdf  used on input line 3500.
(pdftex.def)             Requested size: 345.01875pt x 229.00807pt.
<_main_files/figure-latex/unnamed-chunk-65-1.pdf, id=743, 459.7175pt x 305.14pt>
File: _main_files/figure-latex/unnamed-chunk-65-1.pdf Graphic file (type pdf)
<use _main_files/figure-latex/unnamed-chunk-65-1.pdf>
Package pdftex.def Info: _main_files/figure-latex/unnamed-chunk-65-1.pdf  used on input line 3514.
(pdftex.def)             Requested size: 345.01875pt x 229.00807pt.

Underfull \vbox (badness 10000) has occurred while \output is active []



[110 <./_main_files/figure-latex/unnamed-chunk-64-1.pdf>]

[111 <./_main_files/figure-latex/unnamed-chunk-65-1.pdf>]
<_main_files/figure-latex/unnamed-chunk-66-1.pdf, id=773, 460.72125pt x 305.14pt>
File: _main_files/figure-latex/unnamed-chunk-66-1.pdf Graphic file (type pdf)
<use _main_files/figure-latex/unnamed-chunk-66-1.pdf>
Package pdftex.def Info: _main_files/figure-latex/unnamed-chunk-66-1.pdf  used on input line 3545.
(pdftex.def)             Requested size: 344.99878pt x 228.49591pt.
LaTeX Info: Symbol \textasciigrave not provided by
            font family zi4 in TS1 encoding.
            Default family used instead on input line 3557.
LaTeX Info: Symbol \textasciigrave not provided by
            font family zi4 in TS1 encoding.
            Default family used instead on input line 3557.
LaTeX Info: Symbol \textasciigrave not provided by
            font family zi4 in TS1 encoding.
            Default family used instead on input line 3558.
LaTeX Info: Symbol \textasciigrave not provided by
            font family zi4 in TS1 encoding.
            Default family used instead on input line 3558.
LaTeX Info: Symbol \textasciigrave not provided by
            font family zi4 in TS1 encoding.
            Default family used instead on input line 3560.
LaTeX Info: Symbol \textasciigrave not provided by
            font family zi4 in TS1 encoding.
            Default family used instead on input line 3560.


[112 <./_main_files/figure-latex/unnamed-chunk-66-1.pdf>]
<_main_files/figure-latex/unnamed-chunk-67-1.pdf, id=788, 460.72125pt x 305.14pt>
File: _main_files/figure-latex/unnamed-chunk-67-1.pdf Graphic file (type pdf)
<use _main_files/figure-latex/unnamed-chunk-67-1.pdf>
Package pdftex.def Info: _main_files/figure-latex/unnamed-chunk-67-1.pdf  used on input line 3565.
(pdftex.def)             Requested size: 344.99878pt x 228.49591pt.

Overfull \vbox (1.26599pt too high) detected at line 3580
 []



[113 <./_main_files/figure-latex/unnamed-chunk-67-1.pdf>]
<_main_files/figure-latex/unnamed-chunk-68-1.pdf, id=804, 459.7175pt x 305.14pt>
File: _main_files/figure-latex/unnamed-chunk-68-1.pdf Graphic file (type pdf)
<use _main_files/figure-latex/unnamed-chunk-68-1.pdf>
Package pdftex.def Info: _main_files/figure-latex/unnamed-chunk-68-1.pdf  used on input line 3582.
(pdftex.def)             Requested size: 345.01875pt x 229.00807pt.


[114 <./_main_files/figure-latex/unnamed-chunk-68-1.pdf>]

[115]
LaTeX Info: Symbol \textasciigrave not provided by
            font family zi4 in TS1 encoding.
            Default family used instead on input line 3649.
LaTeX Info: Symbol \textasciigrave not provided by
            font family zi4 in TS1 encoding.
            Default family used instead on input line 3649.
LaTeX Info: Symbol \textasciigrave not provided by
            font family zi4 in TS1 encoding.
            Default family used instead on input line 3649.
LaTeX Info: Symbol \textasciigrave not provided by
            font family zi4 in TS1 encoding.
            Default family used instead on input line 3649.
LaTeX Info: Symbol \textasciigrave not provided by
            font family zi4 in TS1 encoding.
            Default family used instead on input line 3649.
LaTeX Info: Symbol \textasciigrave not provided by
            font family zi4 in TS1 encoding.
            Default family used instead on input line 3649.
<_main_files/figure-latex/unnamed-chunk-71-1.pdf, id=826, 452.69125pt x 313.17pt>
File: _main_files/figure-latex/unnamed-chunk-71-1.pdf Graphic file (type pdf)
<use _main_files/figure-latex/unnamed-chunk-71-1.pdf>
Package pdftex.def Info: _main_files/figure-latex/unnamed-chunk-71-1.pdf  used on input line 3653.
(pdftex.def)             Requested size: 344.99525pt x 238.66632pt.


[116 <./_main_files/figure-latex/unnamed-chunk-71-1.pdf>]
<_main_files/figure-latex/unnamed-chunk-72-1.pdf, id=838, 453.695pt x 313.17pt>
File: _main_files/figure-latex/unnamed-chunk-72-1.pdf Graphic file (type pdf)
<use _main_files/figure-latex/unnamed-chunk-72-1.pdf>
Package pdftex.def Info: _main_files/figure-latex/unnamed-chunk-72-1.pdf  used on input line 3664.
(pdftex.def)             Requested size: 344.9987pt x 238.14069pt.
<_main_files/figure-latex/unnamed-chunk-73-1.pdf, id=839, 460.72125pt x 313.17pt>
File: _main_files/figure-latex/unnamed-chunk-73-1.pdf Graphic file (type pdf)
<use _main_files/figure-latex/unnamed-chunk-73-1.pdf>
Package pdftex.def Info: _main_files/figure-latex/unnamed-chunk-73-1.pdf  used on input line 3676.
(pdftex.def)             Requested size: 344.99878pt x 234.50896pt.

Underfull \vbox (badness 10000) has occurred while \output is active []



[117 <./_main_files/figure-latex/unnamed-chunk-72-1.pdf>]

[118 <./_main_files/figure-latex/unnamed-chunk-73-1.pdf>]
<_main_files/figure-latex/unnamed-chunk-74-1.pdf, id=866, 459.7175pt x 313.17pt>
File: _main_files/figure-latex/unnamed-chunk-74-1.pdf Graphic file (type pdf)
<use _main_files/figure-latex/unnamed-chunk-74-1.pdf>
Package pdftex.def Info: _main_files/figure-latex/unnamed-chunk-74-1.pdf  used on input line 3696.
(pdftex.def)             Requested size: 345.01875pt x 235.0346pt.
LaTeX Font Info:    Font shape `TS1/zi4/m/n' will be
(Font)              scaled to size 10.0pt on input line 3706.
LaTeX Info: Symbol \textasciigrave not provided by
            font family zi4 in TS1 encoding.
            Default family used instead on input line 3707.
LaTeX Info: Symbol \textasciigrave not provided by
            font family zi4 in TS1 encoding.
            Default family used instead on input line 3707.


[119 <./_main_files/figure-latex/unnamed-chunk-74-1.pdf>]
<_main_files/figure-latex/unnamed-chunk-75-1.pdf, id=883, 459.7175pt x 313.17pt>
File: _main_files/figure-latex/unnamed-chunk-75-1.pdf Graphic file (type pdf)
<use _main_files/figure-latex/unnamed-chunk-75-1.pdf>
Package pdftex.def Info: _main_files/figure-latex/unnamed-chunk-75-1.pdf  used on input line 3711.
(pdftex.def)             Requested size: 345.01875pt x 235.0346pt.

Underfull \hbox (badness 10000) in paragraph at lines 3722--3724

 []



[120 <./_main_files/figure-latex/unnamed-chunk-75-1.pdf>]
LaTeX Info: Symbol \textasciigrave not provided by
            font family zi4 in TS1 encoding.
            Default family used instead on input line 3742.
LaTeX Info: Symbol \textasciigrave not provided by
            font family zi4 in TS1 encoding.
            Default family used instead on input line 3742.
<_main_files/figure-latex/unnamed-chunk-76-1.pdf, id=899, 453.695pt x 313.17pt>
File: _main_files/figure-latex/unnamed-chunk-76-1.pdf Graphic file (type pdf)
<use _main_files/figure-latex/unnamed-chunk-76-1.pdf>
Package pdftex.def Info: _main_files/figure-latex/unnamed-chunk-76-1.pdf  used on input line 3746.
(pdftex.def)             Requested size: 344.9987pt x 238.14069pt.

Underfull \vbox (badness 10000) has occurred while \output is active []



[121]
LaTeX Info: Symbol \textasciigrave not provided by
            font family zi4 in TS1 encoding.
            Default family used instead on input line 3754.
LaTeX Info: Symbol \textasciigrave not provided by
            font family zi4 in TS1 encoding.
            Default family used instead on input line 3754.
<_main_files/figure-latex/unnamed-chunk-76-2.pdf, id=905, 453.695pt x 313.17pt>
File: _main_files/figure-latex/unnamed-chunk-76-2.pdf Graphic file (type pdf)
<use _main_files/figure-latex/unnamed-chunk-76-2.pdf>
Package pdftex.def Info: _main_files/figure-latex/unnamed-chunk-76-2.pdf  used on input line 3758.
(pdftex.def)             Requested size: 344.9987pt x 238.14069pt.

Underfull \hbox (badness 10000) in paragraph at lines 3758--3760
[][]
 []


Underfull \vbox (badness 10000) has occurred while \output is active []



[122 <./_main_files/figure-latex/unnamed-chunk-76-1.pdf>]
Overfull \hbox (1.64082pt too wide) in paragraph at lines 3761--3762
[]\C70/mj/m/n/10/c9 Ρ \C70/mj/m/n/10/b2 θ \C70/mj/m/n/10/bc Δ \C70/mj/m/n/10/ad ψ \C70/mj/m/n/10/b7  \C70/mj/m/n/10/d5 ^^D \C70/mj/m/n/10/b9 | \C70/mj/m/n/10/c5 μ \C70/mj/m/n/10/b7 μ \C70/mj/m/n/10/ac ^^\ \C70/mj/m/n/10/c7 X \C70/mj/m/n/10/d3 ( \C70/mj/m/n/10/b1 ^^P \C70/mj/m/n/10/b8 \ \C70/mj/m/n/10/ad ψ \C70/mj/m/n/10/b8 $ \C70/mj/m/n/10/bc τ \C70/mj/m/n/10/c7 \T1/lmr/m/n/10 . \C70/mj/m/n/10/c5 ^ \C70/mj/m/n/10/c1 ^^\ \C70/mj/m/n/10/b2 δ \C70/mj/m/n/10/b8 θ \C70/mj/m/n/10/c5 Θ \C70/mj/m/n/10/b3 X \T1/zi4/m/it/10 facet_wrap(~group)
 []

LaTeX Info: Symbol \textasciigrave not provided by
            font family zi4 in TS1 encoding.
            Default family used instead on input line 3768.
LaTeX Info: Symbol \textasciigrave not provided by
            font family zi4 in TS1 encoding.
            Default family used instead on input line 3768.
<_main_files/figure-latex/unnamed-chunk-77-1.pdf, id=920, 459.7175pt x 313.17pt>
File: _main_files/figure-latex/unnamed-chunk-77-1.pdf Graphic file (type pdf)
<use _main_files/figure-latex/unnamed-chunk-77-1.pdf>
Package pdftex.def Info: _main_files/figure-latex/unnamed-chunk-77-1.pdf  used on input line 3772.
(pdftex.def)             Requested size: 345.01875pt x 235.0346pt.

Underfull \vbox (badness 10000) has occurred while \output is active []



[123 <./_main_files/figure-latex/unnamed-chunk-76-2.pdf>]
LaTeX Info: Symbol \textasciigrave not provided by
            font family zi4 in TS1 encoding.
            Default family used instead on input line 3780.
LaTeX Info: Symbol \textasciigrave not provided by
            font family zi4 in TS1 encoding.
            Default family used instead on input line 3780.
<_main_files/figure-latex/unnamed-chunk-77-2.pdf, id=935, 459.7175pt x 313.17pt>
File: _main_files/figure-latex/unnamed-chunk-77-2.pdf Graphic file (type pdf)
<use _main_files/figure-latex/unnamed-chunk-77-2.pdf>
Package pdftex.def Info: _main_files/figure-latex/unnamed-chunk-77-2.pdf  used on input line 3784.
(pdftex.def)             Requested size: 345.01875pt x 235.0346pt.

Underfull \vbox (badness 10000) has occurred while \output is active []



[124 <./_main_files/figure-latex/unnamed-chunk-77-1.pdf>]
LaTeX Info: Symbol \textasciigrave not provided by
            font family zi4 in TS1 encoding.
            Default family used instead on input line 3793.
LaTeX Info: Symbol \textasciigrave not provided by
            font family zi4 in TS1 encoding.
            Default family used instead on input line 3793.
<_main_files/figure-latex/unnamed-chunk-78-1.pdf, id=950, 459.7175pt x 313.17pt>
File: _main_files/figure-latex/unnamed-chunk-78-1.pdf Graphic file (type pdf)
<use _main_files/figure-latex/unnamed-chunk-78-1.pdf>
Package pdftex.def Info: _main_files/figure-latex/unnamed-chunk-78-1.pdf  used on input line 3797.
(pdftex.def)             Requested size: 345.01875pt x 235.0346pt.

Underfull \vbox (badness 10000) has occurred while \output is active []



[125 <./_main_files/figure-latex/unnamed-chunk-77-2.pdf>]

[126 <./_main_files/figure-latex/unnamed-chunk-78-1.pdf>]
<_main_files/figure-latex/unnamed-chunk-79-1.pdf, id=981, 458.71375pt x 315.1775pt>
File: _main_files/figure-latex/unnamed-chunk-79-1.pdf Graphic file (type pdf)
<use _main_files/figure-latex/unnamed-chunk-79-1.pdf>
Package pdftex.def Info: _main_files/figure-latex/unnamed-chunk-79-1.pdf  used on input line 3818.
(pdftex.def)             Requested size: 345.01439pt x 237.05583pt.
<_main_files/figure-latex/unnamed-chunk-79-2.pdf, id=982, 459.7175pt x 315.1775pt>
File: _main_files/figure-latex/unnamed-chunk-79-2.pdf Graphic file (type pdf)
<use _main_files/figure-latex/unnamed-chunk-79-2.pdf>
Package pdftex.def Info: _main_files/figure-latex/unnamed-chunk-79-2.pdf  used on input line 3830.
(pdftex.def)             Requested size: 345.01875pt x 236.54124pt.

Underfull \vbox (badness 10000) has occurred while \output is active []



[127 <./_main_files/figure-latex/unnamed-chunk-79-1.pdf>]
Underfull \vbox (badness 6893) has occurred while \output is active []



[128 <./_main_files/figure-latex/unnamed-chunk-79-2.pdf>]
Underfull \hbox (badness 1173) in paragraph at lines 3865--3866
[]\T1/zi4/m/it/10 stat \T1/lmr/m/n/10 : stat \C70/mj/m/n/10/c7 @ \C70/mj/m/n/10/ad ψ \C70/mj/m/n/10/b7  \C70/mj/m/n/10/d5 ^^D \C70/mj/m/n/10/c5 Π \C70/mj/m/n/10/c1 ^^\ \C70/mj/m/n/10/b0  \C70/mj/m/n/10/d0 ΐ \C70/mj/m/n/10/b0 Ό \C70/mj/m/n/10/ac ^^R \C70/mj/m/n/10/c7 X \C70/mj/m/n/10/d1 µ \C70/mj/m/n/10/ac Δ \C70/mj/m/n/10/c8 ^^A \C70/mj/m/n/10/bc ΐ \C70/mj/m/n/10/d6 ^^U \T1/lmr/m/n/10 (\T1/zi4/m/it/10 statistical
 []


Overfull \hbox (4.66383pt too wide) in paragraph at lines 3865--3866
\T1/zi4/m/it/10 transformation\T1/lmr/m/n/10 ) \C70/mj/m/n/10/c7 D \C70/mj/m/n/10/c9 ΐ \C70/mj/m/n/10/c8 ^^U \C70/mj/m/n/10/d5 X \C70/mj/m/n/10/b2 ” \C70/mj/m/n/10/c6 ^^A \C70/mj/m/n/10/c5 ν \C70/mj/m/n/10/c7 t \C70/mj/m/n/10/b2 δ\T1/lmr/m/n/10 . \C70/mj/m/n/10/c6 ^^H \C70/mj/m/n/10/b9 | \C70/mj/m/n/10/b4 δ \C70/mj/m/n/10/c5 ΄ \T1/zi4/m/it/10 stat_bin\T1/lmr/m/n/10 , \T1/zi4/m/it/10 stat_summary\T1/lmr/m/n/10 ,
 []


Underfull \hbox (badness 3158) in paragraph at lines 3884--3886
[]\T1/zi4/m/it/10 fun.data= \T1/lmr/m/n/10 : data frame \C70/mj/m/n/10/c7 < \C70/mj/m/n/10/b8 \ \C70/mj/m/n/10/b3 p \C70/mj/m/n/10/c7 t \C70/mj/m/n/10/d1 0 \C70/mj/m/n/10/bc ΐ \C70/mj/m/n/10/d6 ^^U \C70/mj/m/n/10/c7 t t \C70/mj/m/n/10/b8 θ \C70/mj/m/n/10/c5 ΄ \C70/mj/m/n/10/c9 ΐ \C70/mj/m/n/10/b2 ” \C70/mj/m/n/10/ac ½ \C70/mj/m/n/10/c6 °\T1/lmr/m/n/10 .
 []


Underfull \hbox (badness 2277) in paragraph at lines 3884--3886
\T1/zi4/m/it/10 "fun.data="mean_cl_normal"\T1/lmr/m/n/10 , \T1/zi4/m/it/10 "fun.data= "mean_cl_boot\T1/lmr/m/n/10 '' \C70/mj/m/n/10/b4 ρ \C70/mj/m/n/10/c7 t \C70/mj/m/n/10/b3 ^^@
 []



[129]
<_main_files/figure-latex/unnamed-chunk-81-1.pdf, id=1018, 459.7175pt x 315.1775pt>
File: _main_files/figure-latex/unnamed-chunk-81-1.pdf Graphic file (type pdf)
<use _main_files/figure-latex/unnamed-chunk-81-1.pdf>
Package pdftex.def Info: _main_files/figure-latex/unnamed-chunk-81-1.pdf  used on input line 3907.
(pdftex.def)             Requested size: 345.01875pt x 236.54124pt.

Underfull \vbox (badness 10000) has occurred while \output is active []



[130]
Underfull \hbox (badness 10000) in paragraph at lines 3932--3934

 []



[131 <./_main_files/figure-latex/unnamed-chunk-81-1.pdf>]
<_main_files/figure-latex/unnamed-chunk-83-1.pdf, id=1038, 459.7175pt x 315.1775pt>
File: _main_files/figure-latex/unnamed-chunk-83-1.pdf Graphic file (type pdf)
<use _main_files/figure-latex/unnamed-chunk-83-1.pdf>
Package pdftex.def Info: _main_files/figure-latex/unnamed-chunk-83-1.pdf  used on input line 3955.
(pdftex.def)             Requested size: 345.01875pt x 236.54124pt.


[132 <./_main_files/figure-latex/unnamed-chunk-83-1.pdf>]

[133]

[134

]
μ  5 μ¥.


[135]
Missing character: There is no „ in font uwmjb5!


[136]
LaTeX Font Info:    Font shape `T1/zi4/b/n' will be
(Font)              scaled to size 12.0pt on input line 4033.
Missing character: There is no „ in font uwmjb5!


[137]

[138]
<_main_files/figure-latex/unnamed-chunk-84-1.pdf, id=1084, 459.7175pt x 305.14pt>
File: _main_files/figure-latex/unnamed-chunk-84-1.pdf Graphic file (type pdf)
<use _main_files/figure-latex/unnamed-chunk-84-1.pdf>
Package pdftex.def Info: _main_files/figure-latex/unnamed-chunk-84-1.pdf  used on input line 4097.
(pdftex.def)             Requested size: 345.01875pt x 229.00807pt.


[139 <./_main_files/figure-latex/unnamed-chunk-84-1.pdf>]

[140{/Users/sujungchoi/Library/TinyTeX/texmf-dist/fonts/enc/dvips/lm/lm-mathit.enc}]

[141{/Users/sujungchoi/Library/TinyTeX/texmf-dist/fonts/enc/dvips/lm/lm-rm.enc}{/Users/sujungchoi/Library/TinyTeX/texmf-dist/fonts/enc/dvips/lm/lm-mathex.enc}{/Users/sujungchoi/Library/TinyTeX/texmf-dist/fonts/enc/dvips/lm/lm-mathsy.enc}]
Missing character: There is no „ in font uwmjb5!


[142]
Missing character: There is no „ in font uwmjb5!


[143]
Missing character: There is no „ in font uwmjb5!


[144]
Missing character: There is no ^^E in font uwmj03!


[145]

[146]
Overfull \hbox (33.38239pt too wide) detected at line 4308
[][][][]
 []



[147]
Missing character: There is no „ in font uwmjb5!


[148] [149]
<_main_files/figure-latex/unnamed-chunk-85-1.pdf, id=1194, 457.71pt x 313.17pt>
File: _main_files/figure-latex/unnamed-chunk-85-1.pdf Graphic file (type pdf)
<use _main_files/figure-latex/unnamed-chunk-85-1.pdf>
Package pdftex.def Info: _main_files/figure-latex/unnamed-chunk-85-1.pdf  used on input line 4438.
(pdftex.def)             Requested size: 345.01372pt x 236.062pt.

Underfull \vbox (badness 10000) has occurred while \output is active []



[150]

[151 <./_main_files/figure-latex/unnamed-chunk-85-1.pdf>]
<_main_files/figure-latex/unnamed-chunk-86-1.pdf, id=1212, 449.68pt x 298.11375pt>
File: _main_files/figure-latex/unnamed-chunk-86-1.pdf Graphic file (type pdf)
<use _main_files/figure-latex/unnamed-chunk-86-1.pdf>
Package pdftex.def Info: _main_files/figure-latex/unnamed-chunk-86-1.pdf  used on input line 4464.
(pdftex.def)             Requested size: 345.01273pt x 228.72495pt.

Underfull \vbox (badness 10000) has occurred while \output is active []



[152 <./_main_files/figure-latex/unnamed-chunk-86-1.pdf>]

[153]

[154]

[155]

[156

]
μ  6 μ¥.


[157]

[158]

[159]

[160] [161]

[162]

[163]

[164]

[165]
<./images/alphabeta.png, id=1306, 702.625pt x 526.96875pt>
File: ./images/alphabeta.png Graphic file (type png)
<use ./images/alphabeta.png>
Package pdftex.def Info: ./images/alphabeta.png  used on input line 4875.
(pdftex.def)             Requested size: 345.00758pt x 258.75568pt.


[166]

[167 <./images/alphabeta.png (PNG copy)>]

[168]

[169]
<./images/onesamplet.png, id=1337, 1107.13625pt x 770.88pt>
File: ./images/onesamplet.png Graphic file (type png)
<use ./images/onesamplet.png>
Package pdftex.def Info: ./images/onesamplet.png  used on input line 4973.
(pdftex.def)             Requested size: 344.9994pt x 240.21718pt.


[170]

[171 <./images/onesamplet.png>]

[172]

[173]

[174]

[175]
<./images/anova2.png, id=1370, 1288.815pt x 951.555pt>
File: ./images/anova2.png Graphic file (type png)
<use ./images/anova2.png>
Package pdftex.def Info: ./images/anova2.png  used on input line 5174.
(pdftex.def)             Requested size: 344.99551pt x 254.71631pt.


[176]

[177 <./images/anova2.png>]
<_main_files/figure-latex/unnamed-chunk-90-1.pdf, id=1382, 436.63126pt x 248.93pt>
File: _main_files/figure-latex/unnamed-chunk-90-1.pdf Graphic file (type pdf)
<use _main_files/figure-latex/unnamed-chunk-90-1.pdf>
Package pdftex.def Info: _main_files/figure-latex/unnamed-chunk-90-1.pdf  used on input line 5217.
(pdftex.def)             Requested size: 345.00154pt x 196.69052pt.
<_main_files/figure-latex/unnamed-chunk-90-2.pdf, id=1383, 453.695pt x 313.17pt>
File: _main_files/figure-latex/unnamed-chunk-90-2.pdf Graphic file (type pdf)
<use _main_files/figure-latex/unnamed-chunk-90-2.pdf>
Package pdftex.def Info: _main_files/figure-latex/unnamed-chunk-90-2.pdf  used on input line 5217.
(pdftex.def)             Requested size: 344.9987pt x 238.14069pt.

Underfull \vbox (badness 10000) has occurred while \output is active []



[178]
<./images/anova1.png, id=1388, 401.8212pt x 401.3394pt>
File: ./images/anova1.png Graphic file (type png)
<use ./images/anova1.png>
Package pdftex.def Info: ./images/anova1.png  used on input line 5224.
(pdftex.def)             Requested size: 345.00154pt x 344.58786pt.

Overfull \hbox (44.70831pt too wide) in paragraph at lines 5223--5226
\C70/mj/m/n/10/c2 ά \C70/mj/m/n/10/c7 ‘ \C70/mj/m/n/10/d5 \ \C70/mj/m/n/10/b2 δ\T1/lmr/m/n/10 . []
 []



[179 <./_main_files/figure-latex/unnamed-chunk-90-1.pdf> <./_main_files/figure-latex/unnamed-chunk-90-2.pdf>]

[180 <./images/anova1.png>]

[181]
<./images/ANOVAtable.png, id=1421, 611.28375pt x 190.7125pt>
File: ./images/ANOVAtable.png Graphic file (type png)
<use ./images/ANOVAtable.png>
Package pdftex.def Info: ./images/ANOVAtable.png  used on input line 5340.
(pdftex.def)             Requested size: 344.99353pt x 107.63344pt.
<./images/anovaFdist.png, id=1422, 628.3475pt x 346.29375pt>
File: ./images/anovaFdist.png Graphic file (type png)
<use ./images/anovaFdist.png>
Package pdftex.def Info: ./images/anovaFdist.png  used on input line 5348.
(pdftex.def)             Requested size: 344.99774pt x 190.13454pt.


[182]

[183 <./images/ANOVAtable.png> <./images/anovaFdist.png>]

[184]
<./images/anovatable2.png, id=1442, 1071.00125pt x 1046.91125pt>
File: ./images/anovatable2.png Graphic file (type png)
<use ./images/anovatable2.png>
Package pdftex.def Info: ./images/anovatable2.png  used on input line 5398.
(pdftex.def)             Requested size: 344.99896pt x 337.2389pt.
<./images/ftable2.png, id=1443, 1534.73375pt x 986.68625pt>
File: ./images/ftable2.png Graphic file (type png)
<use ./images/ftable2.png>
Package pdftex.def Info: ./images/ftable2.png  used on input line 5406.
(pdftex.def)             Requested size: 344.99576pt x 221.7991pt.
<./images/anovaResult.png, id=1444, 1274.7625pt x 698.61pt>
File: ./images/anovaResult.png Graphic file (type png)
<use ./images/anovaResult.png>
Package pdftex.def Info: ./images/anovaResult.png  used on input line 5414.
(pdftex.def)             Requested size: 344.98798pt x 189.06427pt.


[185 <./images/anovatable2.png>]

[186 <./images/ftable2.png> <./images/anovaResult.png>]

[187]
Overfull \hbox (19.9591pt too wide) in paragraph at lines 5460--5460
[]\T1/zi4/m/it/10 ## Warning in leveneTest.default(y = y, group = group, ...): group coerced to[] 
 []



[188]
μ  7 μ¥.


[189

]

[190]
Overfull \hbox (32.09868pt too wide) detected at line 5563
\OML/lmm/m/it/10 ^^[[] \OT1/lmr/m/n/10 = [] = 2\OML/lmm/m/it/10 :\OT1/lmr/m/n/10 917
 []



[191]
<_main_files/figure-latex/unnamed-chunk-95-1.pdf, id=1489, 311.1625pt x 313.17pt>
File: _main_files/figure-latex/unnamed-chunk-95-1.pdf Graphic file (type pdf)
<use _main_files/figure-latex/unnamed-chunk-95-1.pdf>
Package pdftex.def Info: _main_files/figure-latex/unnamed-chunk-95-1.pdf  used on input line 5569.
(pdftex.def)             Requested size: 311.16649pt x 313.174pt.
<_main_files/figure-latex/unnamed-chunk-95-2.pdf, id=1490, 317.185pt x 313.17pt>
File: _main_files/figure-latex/unnamed-chunk-95-2.pdf Graphic file (type pdf)
<use _main_files/figure-latex/unnamed-chunk-95-2.pdf>
Package pdftex.def Info: _main_files/figure-latex/unnamed-chunk-95-2.pdf  used on input line 5569.
(pdftex.def)             Requested size: 317.19388pt x 313.17877pt.

Underfull \hbox (badness 10000) in paragraph at lines 5569--5570
[][]
 []

<./images/variancex.png, id=1491, 421.575pt x 429.605pt>
File: ./images/variancex.png Graphic file (type png)
<use ./images/variancex.png>
Package pdftex.def Info: ./images/variancex.png  used on input line 5573.
(pdftex.def)             Requested size: 345.00543pt x 351.57697pt.

Underfull \vbox (badness 10000) has occurred while \output is active []



[192 <./_main_files/figure-latex/unnamed-chunk-95-1.pdf>]
<./images/varianceY.png, id=1504, 442.65375pt x 432.61626pt>
File: ./images/varianceY.png Graphic file (type png)
<use ./images/varianceY.png>
Package pdftex.def Info: ./images/varianceY.png  used on input line 5579.
(pdftex.def)             Requested size: 345.0186pt x 337.19508pt.


[193 <./_main_files/figure-latex/unnamed-chunk-95-2.pdf>]

[194 <./images/variancex.png>]

[195 <./images/varianceY.png>]
<_main_files/figure-latex/unnamed-chunk-96-1.pdf, id=1533, 459.7175pt x 314.17375pt>
File: _main_files/figure-latex/unnamed-chunk-96-1.pdf Graphic file (type pdf)
<use _main_files/figure-latex/unnamed-chunk-96-1.pdf>
Package pdftex.def Info: _main_files/figure-latex/unnamed-chunk-96-1.pdf  used on input line 5608.
(pdftex.def)             Requested size: 345.01875pt x 235.78792pt.
<_main_files/figure-latex/unnamed-chunk-96-2.pdf, id=1534, 459.7175pt x 314.17375pt>
File: _main_files/figure-latex/unnamed-chunk-96-2.pdf Graphic file (type pdf)
<use _main_files/figure-latex/unnamed-chunk-96-2.pdf>
Package pdftex.def Info: _main_files/figure-latex/unnamed-chunk-96-2.pdf  used on input line 5608.
(pdftex.def)             Requested size: 345.01875pt x 235.78792pt.
<_main_files/figure-latex/unnamed-chunk-96-3.pdf, id=1535, 459.7175pt x 314.17375pt>
File: _main_files/figure-latex/unnamed-chunk-96-3.pdf Graphic file (type pdf)
<use _main_files/figure-latex/unnamed-chunk-96-3.pdf>
Package pdftex.def Info: _main_files/figure-latex/unnamed-chunk-96-3.pdf  used on input line 5608.
(pdftex.def)             Requested size: 345.01875pt x 235.78792pt.
<./images/covariance1.png, id=1536, 609.27625pt x 475.7775pt>
File: ./images/covariance1.png Graphic file (type png)
<use ./images/covariance1.png>
Package pdftex.def Info: ./images/covariance1.png  used on input line 5609.
(pdftex.def)             Requested size: 345.01335pt x 269.41734pt.

Underfull \vbox (badness 10000) has occurred while \output is active []



[196 <./_main_files/figure-latex/unnamed-chunk-96-1.pdf>]
<./images/covariance2.png, id=1549, 599.23875pt x 472.76625pt>
File: ./images/covariance2.png Graphic file (type png)
<use ./images/covariance2.png>
Package pdftex.def Info: ./images/covariance2.png  used on input line 5613.
(pdftex.def)             Requested size: 345.00764pt x 272.19196pt.

Underfull \vbox (badness 10000) has occurred while \output is active []



[197 <./_main_files/figure-latex/unnamed-chunk-96-2.pdf> <./_main_files/figure-latex/unnamed-chunk-96-3.pdf>]
<./images/covariance3.png, id=1568, 693.59125pt x 470.75874pt>
File: ./images/covariance3.png Graphic file (type png)
<use ./images/covariance3.png>
Package pdftex.def Info: ./images/covariance3.png  used on input line 5619.
(pdftex.def)             Requested size: 345.00618pt x 234.16483pt.


[198 <./images/covariance1.png>]

[199 <./images/covariance2.png>]
<./images/varcovarcorr.png, id=1583, 835.12pt x 437.635pt>
File: ./images/varcovarcorr.png Graphic file (type png)
<use ./images/varcovarcorr.png>
Package pdftex.def Info: ./images/varcovarcorr.png  used on input line 5649.
(pdftex.def)             Requested size: 345.00096pt x 180.79376pt.


[200 <./images/covariance3.png>]

[201 <./images/varcovarcorr.png>]
Overfull \hbox (12.11018pt too wide) in paragraph at lines 5739--5739
 []|\T1/lmr/m/n/10 mean| 
 []



[202]
Overfull \hbox (5.25403pt too wide) detected at line 5744
\OML/lmm/m/it/10 r \OT1/lmr/m/n/10 = [] = [] = [] = [] = 0\OML/lmm/m/it/10 :\OT1/lmr/m/n/10 94
 []

<./images/correlationtest.png, id=1606, 1286.8075pt x 867.24pt>
File: ./images/correlationtest.png Graphic file (type png)
<use ./images/correlationtest.png>
Package pdftex.def Info: ./images/correlationtest.png  used on input line 5749.
(pdftex.def)             Requested size: 344.98828pt x 232.5038pt.

Underfull \hbox (badness 10000) in paragraph at lines 5748--5751
[]
 []



[203 <./images/correlationtest.png>]

[204]
μ  8 μ¥.


[205

] [206]
<_main_files/figure-latex/figures-side-1.pdf, id=1629, 459.7175pt x 315.1775pt>
File: _main_files/figure-latex/figures-side-1.pdf Graphic file (type pdf)
<use _main_files/figure-latex/figures-side-1.pdf>
Package pdftex.def Info: _main_files/figure-latex/figures-side-1.pdf  used on input line 5884.
(pdftex.def)             Requested size: 172.49886pt x 118.2634pt.
<_main_files/figure-latex/figures-side-2.pdf, id=1630, 459.7175pt x 315.1775pt>
File: _main_files/figure-latex/figures-side-2.pdf Graphic file (type pdf)
<use _main_files/figure-latex/figures-side-2.pdf>
Package pdftex.def Info: _main_files/figure-latex/figures-side-2.pdf  used on input line 5884.
(pdftex.def)             Requested size: 172.49886pt x 118.2634pt.

Overfull \hbox (2.21992pt too wide) in paragraph at lines 5884--5885
[][] [] 
 []



[207 <./_main_files/figure-latex/figures-side-1.pdf> <./_main_files/figure-latex/figures-side-2.pdf>]
<_main_files/figure-latex/unnamed-chunk-100-1.pdf, id=1649, 453.695pt x 315.1775pt>
File: _main_files/figure-latex/unnamed-chunk-100-1.pdf Graphic file (type pdf)
<use _main_files/figure-latex/unnamed-chunk-100-1.pdf>
Package pdftex.def Info: _main_files/figure-latex/unnamed-chunk-100-1.pdf  used on input line 5919.
(pdftex.def)             Requested size: 344.9987pt x 239.66724pt.


[208 <./_main_files/figure-latex/unnamed-chunk-100-1.pdf>]

[209]

[210]

[211]

[212]
<_main_files/figure-latex/unnamed-chunk-102-1.pdf, id=1690, 340.27126pt x 204.765pt>
File: _main_files/figure-latex/unnamed-chunk-102-1.pdf Graphic file (type pdf)
<use _main_files/figure-latex/unnamed-chunk-102-1.pdf>
Package pdftex.def Info: _main_files/figure-latex/unnamed-chunk-102-1.pdf  used on input line 6101.
(pdftex.def)             Requested size: 340.28598pt x 204.77385pt.
<_main_files/figure-latex/unnamed-chunk-102-2.pdf, id=1691, 353.32pt x 250.9375pt>
File: _main_files/figure-latex/unnamed-chunk-102-2.pdf Graphic file (type pdf)
<use _main_files/figure-latex/unnamed-chunk-102-2.pdf>
Package pdftex.def Info: _main_files/figure-latex/unnamed-chunk-102-2.pdf  used on input line 6101.
(pdftex.def)             Requested size: 345.00586pt x 245.03256pt.

Underfull \hbox (badness 10000) in paragraph at lines 6101--6102
[][]
 []


Underfull \vbox (badness 2781) has occurred while \output is active []



[213 <./_main_files/figure-latex/unnamed-chunk-102-1.pdf>]

[214 <./_main_files/figure-latex/unnamed-chunk-102-2.pdf>]
Overfull \hbox (33.29926pt too wide) in paragraph at lines 6130--6130
[]\T1/zi4/m/it/10 ## -0.9824018 -0.8556850  1.8509879  0.1866247  2.0496482 -1.6683863 -0.8909152[] 
 []


LaTeX Font Warning: Command \small invalid in math mode on input line 6132.


LaTeX Font Warning: Command \small invalid in math mode on input line 6139.



[215]
<_main_files/figure-latex/unnamed-chunk-104-1.pdf, id=1725, 438.63875pt x 301.125pt>
File: _main_files/figure-latex/unnamed-chunk-104-1.pdf Graphic file (type pdf)
<use _main_files/figure-latex/unnamed-chunk-104-1.pdf>
Package pdftex.def Info: _main_files/figure-latex/unnamed-chunk-104-1.pdf  used on input line 6181.
(pdftex.def)             Requested size: 345.00816pt x 236.8477pt.

Underfull \vbox (badness 3291) has occurred while \output is active []



[216]

[217 <./_main_files/figure-latex/unnamed-chunk-104-1.pdf>]
<_main_files/figure-latex/unnamed-chunk-105-1.pdf, id=1745, 436.63126pt x 256.96pt>
File: _main_files/figure-latex/unnamed-chunk-105-1.pdf Graphic file (type pdf)
<use _main_files/figure-latex/unnamed-chunk-105-1.pdf>
Package pdftex.def Info: _main_files/figure-latex/unnamed-chunk-105-1.pdf  used on input line 6209.
(pdftex.def)             Requested size: 345.00154pt x 203.03537pt.


[218 <./_main_files/figure-latex/unnamed-chunk-105-1.pdf>]
<_main_files/figure-latex/unnamed-chunk-106-1.pdf, id=1757, 436.63126pt x 287.0725pt>
File: _main_files/figure-latex/unnamed-chunk-106-1.pdf Graphic file (type pdf)
<use _main_files/figure-latex/unnamed-chunk-106-1.pdf>
Package pdftex.def Info: _main_files/figure-latex/unnamed-chunk-106-1.pdf  used on input line 6246.
(pdftex.def)             Requested size: 345.00154pt x 226.82858pt.
<_main_files/figure-latex/unnamed-chunk-107-1.pdf, id=1758, 436.63126pt x 287.0725pt>
File: _main_files/figure-latex/unnamed-chunk-107-1.pdf Graphic file (type pdf)
<use _main_files/figure-latex/unnamed-chunk-107-1.pdf>
Package pdftex.def Info: _main_files/figure-latex/unnamed-chunk-107-1.pdf  used on input line 6248.
(pdftex.def)             Requested size: 345.00154pt x 226.82858pt.


[219 <./_main_files/figure-latex/unnamed-chunk-106-1.pdf> <./_main_files/figure-latex/unnamed-chunk-107-1.pdf>]
<./images/differ.png, id=1783, 344.28625pt x 431.6125pt>
File: ./images/differ.png Graphic file (type png)
<use ./images/differ.png>
Package pdftex.def Info: ./images/differ.png  used on input line 6287.
(pdftex.def)             Requested size: 344.2854pt x 431.61143pt.


[220]

[221 <./images/differ.png>]
<_main_files/figure-latex/unnamed-chunk-108-1.pdf, id=1798, 436.63126pt x 289.08pt>
File: _main_files/figure-latex/unnamed-chunk-108-1.pdf Graphic file (type pdf)
<use _main_files/figure-latex/unnamed-chunk-108-1.pdf>
Package pdftex.def Info: _main_files/figure-latex/unnamed-chunk-108-1.pdf  used on input line 6312.
(pdftex.def)             Requested size: 345.00154pt x 228.4148pt.

Underfull \vbox (badness 8000) has occurred while \output is active []



[222]

LaTeX Font Warning: Command \small invalid in math mode on input line 6314.


LaTeX Font Warning: Command \small invalid in math mode on input line 6314.


LaTeX Font Warning: Command \small invalid in math mode on input line 6321.


LaTeX Font Warning: Command \small invalid in math mode on input line 6331.


Underfull \hbox (badness 10000) in paragraph at lines 6331--6333

 []



[223 <./_main_files/figure-latex/unnamed-chunk-108-1.pdf>]

LaTeX Font Warning: Command \small invalid in math mode on input line 6350.


LaTeX Font Warning: Command \small invalid in math mode on input line 6358.


LaTeX Font Warning: Command \small invalid in math mode on input line 6368.


LaTeX Font Warning: Command \small invalid in math mode on input line 6370.


LaTeX Font Warning: Command \small invalid in math mode on input line 6387.


LaTeX Font Warning: Command \small invalid in math mode on input line 6387.



[224] [225]

[226]
Missing character: There is no 	 in font uwmjc6!


[227]

[228]
Overfull \hbox (111.60873pt too wide) in paragraph at lines 6531--6531
[]\T1/zi4/m/it/10 ## alternative hypothesis: true difference in means between group 0 and group 1 is not equal to 0[] 
 []


Underfull \hbox (badness 10000) in paragraph at lines 6538--6539

 []



[229]

[230]

[231]
<_main_files/figure-latex/unnamed-chunk-112-1.pdf, id=1860, 426.59375pt x 253.94875pt>
File: _main_files/figure-latex/unnamed-chunk-112-1.pdf Graphic file (type pdf)
<use _main_files/figure-latex/unnamed-chunk-112-1.pdf>
Package pdftex.def Info: _main_files/figure-latex/unnamed-chunk-112-1.pdf  used on input line 6669.
(pdftex.def)             Requested size: 345.0183pt x 205.38736pt.


[232]
Missing character: There is no Ζ in font uwmjc0!


[233 <./_main_files/figure-latex/unnamed-chunk-112-1.pdf>]

[234]

[235]

[236]
Underfull \hbox (badness 3965) in paragraph at lines 6809--6811
[]\C70/mj/m/n/10/c6 ^^H \C70/mj/m/n/10/b9 | \C70/mj/m/n/10/b4 δ \C70/mj/m/n/10/c5 ΄ \T1/lmr/m/n/10 M=1 \C70/mj/m/n/10/c7 | \C70/mj/m/n/10/b5 L \T1/lmr/m/n/10 X \C70/mj/m/n/10/c7 X \C70/mj/m/n/10/ae 0 \C70/mj/m/n/10/c6 Έ \C70/mj/m/n/10/ae 0 \C70/mj/m/n/10/b2 ” \T1/lmr/m/n/10 2.3928+0.4309(pur-ple),
 []


Underfull \hbox (badness 2050) in paragraph at lines 6811--6812
[]\C70/mj/m/n/10/ac p \C70/mj/m/n/10/af Έ \C70/mj/m/n/10/b8 \ \T1/lmr/m/n/10 X \C70/mj/m/n/10/ac ^^@ \T1/lmr/m/n/10 Y \C70/mj/m/n/10/c5 Π \C70/mj/m/n/10/bb ψ \C70/mj/m/n/10/ce X \C70/mj/m/n/10/b2 ” \C70/mj/m/n/10/c6 ^^A \C70/mj/m/n/10/d5 ¥ \C70/mj/m/n/10/c7 t \T1/lmr/m/n/10 0 \C70/mj/m/n/10/c7 x \C70/mj/m/n/10/c8 ^^P \C70/mj/m/n/10/b3 Δ \C70/mj/m/n/10/cc > \C70/mj/m/n/10/c7 D \C70/mj/m/n/10/c2 ^^X \C70/mj/m/n/10/c7  \C70/mj/m/n/10/b2 δ\T1/lmr/m/n/10 .
 []

<_main_files/figure-latex/unnamed-chunk-114-1.pdf, id=1897, 436.63126pt x 287.0725pt>
File: _main_files/figure-latex/unnamed-chunk-114-1.pdf Graphic file (type pdf)
<use _main_files/figure-latex/unnamed-chunk-114-1.pdf>
Package pdftex.def Info: _main_files/figure-latex/unnamed-chunk-114-1.pdf  used on input line 6815.
(pdftex.def)             Requested size: 345.00154pt x 226.82858pt.


[237]

[238 <./_main_files/figure-latex/unnamed-chunk-114-1.pdf>]
μ  9 μ¥.


[239

]

[240]
Underfull \hbox (badness 5403) in paragraph at lines 6953--6954
\OT1/lmr/m/n/10 (\OML/lmm/m/it/10 EX\OT1/lmr/m/n/10 )(\OML/lmm/m/it/10 EY\OT1/lmr/m/n/10 )] = \OML/lmm/m/it/10 E\OT1/lmr/m/n/10 [\OML/lmm/m/it/10 XY\OT1/lmr/m/n/10 ] \OMS/lmsy/m/n/10 ^^@ \OT1/lmr/m/n/10 (\OML/lmm/m/it/10 EX\OT1/lmr/m/n/10 )(\OML/lmm/m/it/10 EY\OT1/lmr/m/n/10 ) \OMS/lmsy/m/n/10 ^^@ \OT1/lmr/m/n/10 (\OML/lmm/m/it/10 EX\OT1/lmr/m/n/10 )(\OML/lmm/m/it/10 EY\OT1/lmr/m/n/10 ) + (\OML/lmm/m/it/10 EX\OT1/lmr/m/n/10 )(\OML/lmm/m/it/10 EY\OT1/lmr/m/n/10 ) =
 []



[241]

[242]

[243]

[244]
μ  10 μ¥.


[245

]

[246]
Underfull \hbox (badness 5403) in paragraph at lines 7257--7258
\OT1/lmr/m/n/10 (\OML/lmm/m/it/10 EX\OT1/lmr/m/n/10 )(\OML/lmm/m/it/10 EY\OT1/lmr/m/n/10 )] = \OML/lmm/m/it/10 E\OT1/lmr/m/n/10 [\OML/lmm/m/it/10 XY\OT1/lmr/m/n/10 ] \OMS/lmsy/m/n/10 ^^@ \OT1/lmr/m/n/10 (\OML/lmm/m/it/10 EX\OT1/lmr/m/n/10 )(\OML/lmm/m/it/10 EY\OT1/lmr/m/n/10 ) \OMS/lmsy/m/n/10 ^^@ \OT1/lmr/m/n/10 (\OML/lmm/m/it/10 EX\OT1/lmr/m/n/10 )(\OML/lmm/m/it/10 EY\OT1/lmr/m/n/10 ) + (\OML/lmm/m/it/10 EX\OT1/lmr/m/n/10 )(\OML/lmm/m/it/10 EY\OT1/lmr/m/n/10 ) =
 []



[247]

[248]

[249]
No file _main.bbl.


[250] (./_main.aux)
 ***********
LaTeX2e <2024-06-01> patch level 2
L3 programming layer <2024-05-27>
 ***********

LaTeX Font Warning: Some font shapes were not available, defaults substituted.


LaTeX Warning: There were multiply-defined labels.

 ) 
Here is how much of TeX's memory you used:
 17716 strings out of 475544
 288340 string characters out of 5776422
 1975905 words of memory out of 5000000
 39260 multiletter control sequences out of 15000+600000
 775116 words of font info for 511 fonts, out of 8000000 for 9000
 14 hyphenation exceptions out of 8191
 89i,17n,93p,1516b,671s stack positions out of 10000i,1000n,20000p,200000b,200000s
 </Users/sujungchoi/Library/texlive/2024/texmf-var/fonts/pk/ljfour/jknappen/ec/tctt1000.600pk></Users/sujungchoi/Library/TinyTeX/texmf-dist/fonts/type1/public/inconsolata/Inconsolata-zi4b.pfb></Users/sujungchoi/Library/TinyTeX/texmf-dist/fonts/type1/public/inconsolata/Inconsolata-zi4r.pfb></Users/sujungchoi/Library/TinyTeX/texmf-dist/fonts/type1/public/lm/lmbx10.pfb></Users/sujungchoi/Library/TinyTeX/texmf-dist/fonts/type1/public/lm/lmbx12.pfb></Users/sujungchoi/Library/TinyTeX/texmf-dist/fonts/type1/public/lm/lmex10.pfb></Users/sujungchoi/Library/TinyTeX/texmf-dist/fonts/type1/public/lm/lmmi10.pfb></Users/sujungchoi/Library/TinyTeX/texmf-dist/fonts/type1/public/lm/lmmi12.pfb></Users/sujungchoi/Library/TinyTeX/texmf-dist/fonts/type1/public/lm/lmmi5.pfb></Users/sujungchoi/Library/TinyTeX/texmf-dist/fonts/type1/public/lm/lmmi7.pfb></Users/sujungchoi/Library/TinyTeX/texmf-dist/fonts/type1/public/lm/lmmi8.pfb></Users/sujungchoi/Library/TinyTeX/texmf-dist/fonts/type1/public/lm/lmr10.pfb></Users/sujungchoi/Library/TinyTeX/texmf-dist/fonts/type1/public/lm/lmr12.pfb></Users/sujungchoi/Library/TinyTeX/texmf-dist/fonts/type1/public/lm/lmr17.pfb></Users/sujungchoi/Library/TinyTeX/texmf-dist/fonts/type1/public/lm/lmr5.pfb></Users/sujungchoi/Library/TinyTeX/texmf-dist/fonts/type1/public/lm/lmr6.pfb></Users/sujungchoi/Library/TinyTeX/texmf-dist/fonts/type1/public/lm/lmr7.pfb></Users/sujungchoi/Library/TinyTeX/texmf-dist/fonts/type1/public/lm/lmr8.pfb></Users/sujungchoi/Library/TinyTeX/texmf-dist/fonts/type1/public/lm/lmri10.pfb></Users/sujungchoi/Library/TinyTeX/texmf-dist/fonts/type1/public/lm/lmro10.pfb></Users/sujungchoi/Library/TinyTeX/texmf-dist/fonts/type1/public/lm/lmsy10.pfb></Users/sujungchoi/Library/TinyTeX/texmf-dist/fonts/type1/public/lm/lmsy5.pfb></Users/sujungchoi/Library/TinyTeX/texmf-dist/fonts/type1/public/lm/lmsy7.pfb></Users/sujungchoi/Library/TinyTeX/texmf-dist/fonts/type1/public/amsfonts/symbols/msam10.pfb></Users/sujungchoi/Library/TinyTeX/texmf-dist/fonts/type1/uhc/umj/umj00.pfb></Users/sujungchoi/Library/TinyTeX/texmf-dist/fonts/type1/uhc/umj/umj01.pfb></Users/sujungchoi/Library/TinyTeX/texmf-dist/fonts/type1/uhc/umj/umj02.pfb></Users/sujungchoi/Library/TinyTeX/texmf-dist/fonts/type1/uhc/umj/umj10.pfb></Users/sujungchoi/Library/TinyTeX/texmf-dist/fonts/type1/uhc/umj/umj10.pfb></Users/sujungchoi/Library/TinyTeX/texmf-dist/fonts/type1/uhc/umj/umj10.pfb></Users/sujungchoi/Library/TinyTeX/texmf-dist/fonts/type1/uhc/umj/umj11.pfb></Users/sujungchoi/Library/TinyTeX/texmf-dist/fonts/type1/uhc/umj/umj11.pfb></Users/sujungchoi/Library/TinyTeX/texmf-dist/fonts/type1/uhc/umj/umj11.pfb></Users/sujungchoi/Library/TinyTeX/texmf-dist/fonts/type1/uhc/umj/umj12.pfb></Users/sujungchoi/Library/TinyTeX/texmf-dist/fonts/type1/uhc/umj/umj12.pfb></Users/sujungchoi/Library/TinyTeX/texmf-dist/fonts/type1/uhc/umj/umj12.pfb></Users/sujungchoi/Library/TinyTeX/texmf-dist/fonts/type1/uhc/umj/umj13.pfb></Users/sujungchoi/Library/TinyTeX/texmf-dist/fonts/type1/uhc/umj/umj13.pfb></Users/sujungchoi/Library/TinyTeX/texmf-dist/fonts/type1/uhc/umj/umj13.pfb></Users/sujungchoi/Library/TinyTeX/texmf-dist/fonts/type1/uhc/umj/umj14.pfb></Users/sujungchoi/Library/TinyTeX/texmf-dist/fonts/type1/uhc/umj/umj14.pfb></Users/sujungchoi/Library/TinyTeX/texmf-dist/fonts/type1/uhc/umj/umj14.pfb></Users/sujungchoi/Library/TinyTeX/texmf-dist/fonts/type1/uhc/umj/umj15.pfb></Users/sujungchoi/Library/TinyTeX/texmf-dist/fonts/type1/uhc/umj/umj15.pfb></Users/sujungchoi/Library/TinyTeX/texmf-dist/fonts/type1/uhc/umj/umj15.pfb></Users/sujungchoi/Library/TinyTeX/texmf-dist/fonts/type1/uhc/umj/umj16.pfb></Users/sujungchoi/Library/TinyTeX/texmf-dist/fonts/type1/uhc/umj/umj16.pfb></Users/sujungchoi/Library/TinyTeX/texmf-dist/fonts/type1/uhc/umj/umj16.pfb></Users/sujungchoi/Library/TinyTeX/texmf-dist/fonts/type1/uhc/umj/umj17.pfb></Users/sujungchoi/Library/TinyTeX/texmf-dist/fonts/type1/uhc/umj/umj17.pfb></Users/sujungchoi/Library/TinyTeX/texmf-dist/fonts/type1/uhc/umj/umj17.pfb>
Output written on _main.pdf (256 pages, 3263043 bytes).
PDF statistics:
 2495 PDF objects out of 2984 (max. 8388607)
 1933 compressed objects within 20 object streams
 520 named destinations out of 1000 (max. 500000)
 755 words of extra memory for PDF output out of 10000 (max. 10000000)

